time=2026-08-14T19:00:24.603Z level=INFO msg="run started" event=run_started workers=4 failure_mode=best-effort input_profile=assignment-default-v1 filter_count=0 rate_limit_rps=0.8 request_timeout=20s global_timeout=30m0s max_retries=3 retry_budget=45s source_max_retries=2 source_retry_budget=15s max_distinct_words_per_post=50000 max_in_flight_response_bytes=33554432 max_retained_things=500000 access_profile=old-reddit-browser-session-json-v1 reddit_origin=old.reddit.com reddit_method=GET reddit_auth=browser-session ua_source=override ua_sha256=dc0402b6bd1e97f986b003f0830c79d8eaba098b7e60f0baa12d03cc50798593 app_version=dev app_commit=unknown app_build_date=unknown go_version=go1.26.6 goos=darwin goarch=arm64
time=2026-08-14T19:00:24.870Z level=INFO msg="source loaded" event=source_loaded source_kind=posts source_mode=https source_origin=gist.githubusercontent.com source_bytes=16098 source_sha256=08d769c5d8e63bfadfbf9e9e25b92c246129f13ecc8de329960ee4894d7c45c4
time=2026-08-14T19:00:24.870Z level=INFO msg="source parsed" event=source_parsed source_kind=posts stage=parsed entries=200 source_sha256=08d769c5d8e63bfadfbf9e9e25b92c246129f13ecc8de329960ee4894d7c45c4 posts_sha256=782996efb5c53a7eef2277491c145b79c78b89c14799f1b6f281cc9f410aa22e
time=2026-08-14T19:00:25.449Z level=INFO msg="source loaded" event=source_loaded source_kind=dictionary source_mode=https source_origin=raw.githubusercontent.com source_bytes=4862985 source_sha256=39a4ead879cc8283de87f2ec58e7b4b340d6caa724db1b52a91dccf2f273c5e7
time=2026-08-14T19:00:25.542Z level=INFO msg="source parsed" event=source_parsed source_kind=dictionary stage=parsed entries=415699 source_sha256=39a4ead879cc8283de87f2ec58e7b4b340d6caa724db1b52a91dccf2f273c5e7
time=2026-08-14T19:00:26.697Z level=INFO msg="HTTP attempt completed" event=http_attempt scope=reddit operation=comments post_id=1hm5cxl attempt=1 result=success http_status=200 duration=1.155239667s
time=2026-08-14T19:00:33.095Z level=INFO msg="HTTP attempt completed" event=http_attempt scope=reddit operation=comments post_id=18blp0w attempt=1 result=success http_status=200 duration=598.707083ms
time=2026-08-14T19:00:39.315Z level=INFO msg="HTTP attempt completed" event=http_attempt scope=reddit operation=comments post_id=1kx00un attempt=1 result=success http_status=200 duration=419.359417ms
time=2026-08-14T19:00:45.541Z level=INFO msg="HTTP attempt completed" event=http_attempt scope=reddit operation=comments post_id=1k32joq attempt=1 result=success http_status=200 duration=426.98775ms
time=2026-08-14T19:00:51.568Z level=INFO msg="HTTP attempt completed" event=http_attempt scope=reddit operation=comments post_id=1zzz13x attempt=1 result=failure http_status=404 duration=227.956625ms error_class=not_found
time=2026-08-14T19:00:57.847Z level=INFO msg="HTTP attempt completed" event=http_attempt scope=reddit operation=comments post_id=1g1w2rg attempt=1 result=success http_status=200 duration=479.717667ms
time=2026-08-14T19:01:04.441Z level=INFO msg="HTTP attempt completed" event=http_attempt scope=reddit operation=comments post_id=1hegc8m attempt=1 result=success http_status=200 duration=794.166375ms
time=2026-08-14T19:01:10.612Z level=INFO msg="HTTP attempt completed" event=http_attempt scope=reddit operation=comments post_id=1foal72 attempt=1 result=success http_status=200 duration=371.987542ms
time=2026-08-14T19:01:16.766Z level=INFO msg="HTTP attempt completed" event=http_attempt scope=reddit operation=comments post_id=18p92e0 attempt=1 result=success http_status=200 duration=355.460875ms
time=2026-08-14T19:01:23.061Z level=INFO msg="HTTP attempt completed" event=http_attempt scope=reddit operation=comments post_id=1hx1slo attempt=1 result=success http_status=200 duration=495.795084ms
time=2026-08-14T19:01:29.073Z level=INFO msg="HTTP attempt completed" event=http_attempt scope=reddit operation=comments post_id=1zzz07x attempt=1 result=failure http_status=404 duration=212.838583ms error_class=not_found
time=2026-08-14T19:01:35.220Z level=INFO msg="HTTP attempt completed" event=http_attempt scope=reddit operation=comments post_id=1g85in7 attempt=1 result=success http_status=200 duration=349.08825ms
time=2026-08-14T19:01:41.302Z level=INFO msg="HTTP attempt completed" event=http_attempt scope=reddit operation=comments post_id=1kgavsj attempt=1 result=success http_status=200 duration=282.050541ms
time=2026-08-14T19:01:48.418Z level=INFO msg="HTTP attempt completed" event=http_attempt scope=reddit operation=comments post_id=1jym8mi attempt=1 result=success http_status=200 duration=1.317791958s
time=2026-08-14T19:01:54.690Z level=INFO msg="HTTP attempt completed" event=http_attempt scope=reddit operation=comments post_id=12jrffl attempt=1 result=success http_status=200 duration=472.365625ms
time=2026-08-14T19:02:00.787Z level=INFO msg="HTTP attempt completed" event=http_attempt scope=reddit operation=comments post_id=1ftz7zf attempt=1 result=success http_status=200 duration=298.747917ms
time=2026-08-14T19:02:06.988Z level=INFO msg="HTTP attempt completed" event=http_attempt scope=reddit operation=comments post_id=1kw3xds attempt=1 result=success http_status=200 duration=401.547334ms
time=2026-08-14T19:02:13.262Z level=INFO msg="HTTP attempt completed" event=http_attempt scope=reddit operation=comments post_id=1htxcpe attempt=1 result=success http_status=200 duration=475.1425ms
time=2026-08-14T19:02:19.499Z level=INFO msg="HTTP attempt completed" event=http_attempt scope=reddit operation=comments post_id=1kboruv attempt=1 result=success http_status=200 duration=430.73225ms
time=2026-08-14T19:02:25.573Z level=INFO msg="HTTP attempt completed" event=http_attempt scope=reddit operation=comments post_id=1knjdh4 attempt=1 result=success http_status=200 duration=275.216833ms
time=2026-08-14T19:02:31.745Z level=INFO msg="HTTP attempt completed" event=http_attempt scope=reddit operation=comments post_id=1nvh02s attempt=1 result=success http_status=200 duration=372.716ms
time=2026-08-14T19:02:38.119Z level=INFO msg="HTTP attempt completed" event=http_attempt scope=reddit operation=comments post_id=1moxo3v attempt=1 result=success http_status=200 duration=573.076042ms
time=2026-08-14T19:02:44.294Z level=INFO msg="HTTP attempt completed" event=http_attempt scope=reddit operation=comments post_id=1lxwi5o attempt=1 result=success http_status=200 duration=376.081334ms
time=2026-08-14T19:02:50.539Z level=INFO msg="HTTP attempt completed" event=http_attempt scope=reddit operation=comments post_id=1myivee attempt=1 result=success http_status=200 duration=445.591208ms
time=2026-08-14T19:02:56.656Z level=INFO msg="HTTP attempt completed" event=http_attempt scope=reddit operation=comments post_id=1ma5p98 attempt=1 result=success http_status=200 duration=317.994625ms
time=2026-08-14T19:03:03.061Z level=INFO msg="HTTP attempt completed" event=http_attempt scope=reddit operation=comments post_id=1jz2hfv attempt=1 result=success http_status=200 duration=606.658708ms
time=2026-08-14T19:03:09.347Z level=INFO msg="HTTP attempt completed" event=http_attempt scope=reddit operation=comments post_id=1n709xo attempt=1 result=success http_status=200 duration=486.45625ms
time=2026-08-14T19:03:16.049Z level=INFO msg="HTTP attempt completed" event=http_attempt scope=reddit operation=comments post_id=1h8ue30 attempt=1 result=success http_status=200 duration=903.294666ms
time=2026-08-14T19:03:22.111Z level=INFO msg="HTTP attempt completed" event=http_attempt scope=reddit operation=comments post_id=1ko7t3a attempt=1 result=success http_status=200 duration=263.356542ms
time=2026-08-14T19:03:28.405Z level=INFO msg="HTTP attempt completed" event=http_attempt scope=reddit operation=comments post_id=1gpt7nj attempt=1 result=success http_status=200 duration=494.029083ms
time=2026-08-14T19:03:34.568Z level=INFO msg="HTTP attempt completed" event=http_attempt scope=reddit operation=comments post_id=17p36e9 attempt=1 result=success http_status=200 duration=364.9055ms
time=2026-08-14T19:03:40.755Z level=INFO msg="HTTP attempt completed" event=http_attempt scope=reddit operation=comments post_id=1l9q1rx attempt=1 result=success http_status=200 duration=388.326667ms
time=2026-08-14T19:03:46.992Z level=INFO msg="HTTP attempt completed" event=http_attempt scope=reddit operation=comments post_id=1hsta1l attempt=1 result=success http_status=200 duration=438.092375ms
time=2026-08-14T19:03:53.889Z level=INFO msg="HTTP attempt completed" event=http_attempt scope=reddit operation=comments post_id=1k4eqyt attempt=1 result=success http_status=200 duration=1.097965875s
time=2026-08-14T19:04:00.133Z level=INFO msg="HTTP attempt completed" event=http_attempt scope=reddit operation=comments post_id=1g04rk7 attempt=1 result=success http_status=200 duration=444.780959ms
time=2026-08-14T19:04:06.378Z level=INFO msg="HTTP attempt completed" event=http_attempt scope=reddit operation=comments post_id=1mhzlv2 attempt=1 result=success http_status=200 duration=446.78175ms
time=2026-08-14T19:04:12.676Z level=INFO msg="HTTP attempt completed" event=http_attempt scope=reddit operation=comments post_id=176axim attempt=1 result=success http_status=200 duration=499.247083ms
time=2026-08-14T19:04:19.090Z level=INFO msg="HTTP attempt completed" event=http_attempt scope=reddit operation=comments post_id=1eegiye attempt=1 result=success http_status=200 duration=614.546542ms
time=2026-08-14T19:04:25.245Z level=INFO msg="HTTP attempt completed" event=http_attempt scope=reddit operation=comments post_id=1l26cik attempt=1 result=success http_status=200 duration=355.910583ms
time=2026-08-14T19:04:31.396Z level=INFO msg="HTTP attempt completed" event=http_attempt scope=reddit operation=comments post_id=1ln0vhu attempt=1 result=success http_status=200 duration=349.98475ms
time=2026-08-14T19:04:37.750Z level=INFO msg="HTTP attempt completed" event=http_attempt scope=reddit operation=comments post_id=1eglvno attempt=1 result=success http_status=200 duration=554.677208ms
time=2026-08-14T19:04:43.771Z level=INFO msg="HTTP attempt completed" event=http_attempt scope=reddit operation=comments post_id=1zzz16x attempt=1 result=failure http_status=404 duration=222.089042ms error_class=not_found
time=2026-08-14T19:04:49.969Z level=INFO msg="HTTP attempt completed" event=http_attempt scope=reddit operation=comments post_id=1nzaema attempt=1 result=success http_status=200 duration=399.212542ms
time=2026-08-14T19:04:56.141Z level=INFO msg="HTTP attempt completed" event=http_attempt scope=reddit operation=comments post_id=1kzczxr attempt=1 result=success http_status=200 duration=371.704166ms
time=2026-08-14T19:05:02.265Z level=INFO msg="HTTP attempt completed" event=http_attempt scope=reddit operation=comments post_id=1leho7y attempt=1 result=success http_status=200 duration=325.278375ms
time=2026-08-14T19:05:08.485Z level=INFO msg="HTTP attempt completed" event=http_attempt scope=reddit operation=comments post_id=11tq55f attempt=1 result=success http_status=200 duration=420.695209ms
time=2026-08-14T19:05:14.654Z level=INFO msg="HTTP attempt completed" event=http_attempt scope=reddit operation=comments post_id=1k9ao8a attempt=1 result=success http_status=200 duration=369.75625ms
time=2026-08-14T19:05:21.485Z level=INFO msg="HTTP attempt completed" event=http_attempt scope=reddit operation=comments post_id=1kpuxz0 attempt=1 result=success http_status=200 duration=1.032431125s
time=2026-08-14T19:05:27.819Z level=INFO msg="HTTP attempt completed" event=http_attempt scope=reddit operation=comments post_id=1b3lm6y attempt=1 result=success http_status=200 duration=534.448125ms
time=2026-08-14T19:05:34.053Z level=INFO msg="HTTP attempt completed" event=http_attempt scope=reddit operation=comments post_id=1nz384p attempt=1 result=success http_status=200 duration=434.318958ms
time=2026-08-14T19:05:40.068Z level=INFO msg="HTTP attempt completed" event=http_attempt scope=reddit operation=comments post_id=1zzz10x attempt=1 result=failure http_status=404 duration=216.289042ms error_class=not_found
time=2026-08-14T19:05:46.144Z level=INFO msg="HTTP attempt completed" event=http_attempt scope=reddit operation=comments post_id=102d29i attempt=1 result=success http_status=200 duration=276.756791ms
time=2026-08-14T19:05:52.370Z level=INFO msg="HTTP attempt completed" event=http_attempt scope=reddit operation=comments post_id=1gokxxa attempt=1 result=success http_status=200 duration=426.772875ms
time=2026-08-14T19:05:58.536Z level=INFO msg="HTTP attempt completed" event=http_attempt scope=reddit operation=comments post_id=1iiqz23 attempt=1 result=success http_status=200 duration=366.276708ms
time=2026-08-14T19:06:04.667Z level=INFO msg="HTTP attempt completed" event=http_attempt scope=reddit operation=comments post_id=17iy3et attempt=1 result=success http_status=200 duration=331.871208ms
time=2026-08-14T19:06:10.679Z level=INFO msg="HTTP attempt completed" event=http_attempt scope=reddit operation=comments post_id=1zzz09x attempt=1 result=failure http_status=404 duration=213.053166ms error_class=not_found
time=2026-08-14T19:06:16.807Z level=INFO msg="HTTP attempt completed" event=http_attempt scope=reddit operation=comments post_id=1hyc2vf attempt=1 result=success http_status=200 duration=328.133875ms
time=2026-08-14T19:06:22.902Z level=INFO msg="HTTP attempt completed" event=http_attempt scope=reddit operation=comments post_id=1lglf7s attempt=1 result=success http_status=200 duration=296.08425ms
time=2026-08-14T19:06:29.335Z level=INFO msg="HTTP attempt completed" event=http_attempt scope=reddit operation=comments post_id=1kulho7 attempt=1 result=success http_status=200 duration=633.413292ms
time=2026-08-14T19:06:35.618Z level=INFO msg="HTTP attempt completed" event=http_attempt scope=reddit operation=comments post_id=1nh9a8c attempt=1 result=success http_status=200 duration=479.784708ms
time=2026-08-14T19:06:41.650Z level=INFO msg="HTTP attempt completed" event=http_attempt scope=reddit operation=comments post_id=1zzz19x attempt=1 result=failure http_status=404 duration=230.54875ms error_class=not_found
time=2026-08-14T19:06:47.885Z level=INFO msg="HTTP attempt completed" event=http_attempt scope=reddit operation=comments post_id=185zfr2 attempt=1 result=success http_status=200 duration=435.09625ms
time=2026-08-14T19:06:54.182Z level=INFO msg="HTTP attempt completed" event=http_attempt scope=reddit operation=comments post_id=1jqgbhw attempt=1 result=success http_status=200 duration=495.838542ms
time=2026-08-14T19:07:00.346Z level=INFO msg="HTTP attempt completed" event=http_attempt scope=reddit operation=comments post_id=1l8k6g6 attempt=1 result=success http_status=200 duration=365.156958ms
time=2026-08-14T19:07:06.453Z level=INFO msg="HTTP attempt completed" event=http_attempt scope=reddit operation=comments post_id=1fftze8 attempt=1 result=success http_status=200 duration=306.831625ms
time=2026-08-14T19:07:12.583Z level=INFO msg="HTTP attempt completed" event=http_attempt scope=reddit operation=comments post_id=1gxulx1 attempt=1 result=success http_status=200 duration=331.148042ms
time=2026-08-14T19:07:18.721Z level=INFO msg="HTTP attempt completed" event=http_attempt scope=reddit operation=comments post_id=1hqxclf attempt=1 result=success http_status=200 duration=339.195833ms
time=2026-08-14T19:07:24.744Z level=INFO msg="HTTP attempt completed" event=http_attempt scope=reddit operation=comments post_id=1zzz11x attempt=1 result=failure http_status=404 duration=223.902375ms error_class=not_found
time=2026-08-14T19:07:30.869Z level=INFO msg="HTTP attempt completed" event=http_attempt scope=reddit operation=comments post_id=1877z3u attempt=1 result=success http_status=200 duration=326.03225ms
time=2026-08-14T19:07:36.986Z level=INFO msg="HTTP attempt completed" event=http_attempt scope=reddit operation=comments post_id=1gt2bu3 attempt=1 result=success http_status=200 duration=317.880833ms
time=2026-08-14T19:07:43.168Z level=INFO msg="HTTP attempt completed" event=http_attempt scope=reddit operation=comments post_id=17fd2sp attempt=1 result=success http_status=200 duration=381.571709ms
time=2026-08-14T19:07:49.447Z level=INFO msg="HTTP attempt completed" event=http_attempt scope=reddit operation=comments post_id=1ae4ibd attempt=1 result=success http_status=200 duration=480.04775ms
time=2026-08-14T19:07:55.595Z level=INFO msg="HTTP attempt completed" event=http_attempt scope=reddit operation=comments post_id=1kogpj8 attempt=1 result=success http_status=200 duration=348.4235ms
time=2026-08-14T19:08:01.806Z level=INFO msg="HTTP attempt completed" event=http_attempt scope=reddit operation=comments post_id=1hv0j0c attempt=1 result=success http_status=200 duration=412.161375ms
time=2026-08-14T19:08:07.821Z level=INFO msg="HTTP attempt completed" event=http_attempt scope=reddit operation=comments post_id=1zzz20x attempt=1 result=failure http_status=404 duration=214.32075ms error_class=not_found
time=2026-08-14T19:08:14.438Z level=INFO msg="HTTP attempt completed" event=http_attempt scope=reddit operation=comments post_id=1c8lq7w attempt=1 result=success http_status=200 duration=818.043291ms
time=2026-08-14T19:08:20.672Z level=INFO msg="HTTP attempt completed" event=http_attempt scope=reddit operation=comments post_id=1ktto6u attempt=1 result=success http_status=200 duration=433.936916ms
time=2026-08-14T19:08:26.729Z level=INFO msg="HTTP attempt completed" event=http_attempt scope=reddit operation=comments post_id=1l49nbq attempt=1 result=success http_status=200 duration=255.484125ms
time=2026-08-14T19:08:33.269Z level=INFO msg="HTTP attempt completed" event=http_attempt scope=reddit operation=comments post_id=18gfvqs attempt=1 result=success http_status=200 duration=740.0875ms
time=2026-08-14T19:08:39.433Z level=INFO msg="HTTP attempt completed" event=http_attempt scope=reddit operation=comments post_id=1laihh2 attempt=1 result=success http_status=200 duration=364.213583ms
time=2026-08-14T19:08:45.740Z level=INFO msg="HTTP attempt completed" event=http_attempt scope=reddit operation=comments post_id=1iyts2g attempt=1 result=success http_status=200 duration=506.779083ms
time=2026-08-14T19:08:51.863Z level=INFO msg="HTTP attempt completed" event=http_attempt scope=reddit operation=comments post_id=1l92uza attempt=1 result=success http_status=200 duration=322.123ms
time=2026-08-14T19:08:57.962Z level=INFO msg="HTTP attempt completed" event=http_attempt scope=reddit operation=continuation post_id=18gfvqs attempt=1 result=success http_status=200 duration=301.017291ms
time=2026-08-14T19:08:57.963Z level=WARN msg="request retry scheduled" event=request_retry operation=continuation post_id=18gfvqs error_class=incomplete http_status=0 attempt=2 delay=449.019154ms
time=2026-08-14T19:09:04.870Z level=INFO msg="HTTP attempt completed" event=http_attempt scope=reddit operation=comments post_id=1mmlj2j attempt=1 result=success http_status=200 duration=1.108558709s
time=2026-08-14T19:09:10.940Z level=INFO msg="HTTP attempt completed" event=http_attempt scope=reddit operation=comments post_id=1ilica0 attempt=1 result=success http_status=200 duration=269.679458ms
time=2026-08-14T19:09:17.368Z level=INFO msg="HTTP attempt completed" event=http_attempt scope=reddit operation=comments post_id=1fxue2x attempt=1 result=success http_status=200 duration=628.389959ms
time=2026-08-14T19:09:23.481Z level=INFO msg="HTTP attempt completed" event=http_attempt scope=reddit operation=continuation post_id=18gfvqs attempt=2 result=success http_status=200 duration=313.851ms
time=2026-08-14T19:09:23.482Z level=WARN msg="request retry scheduled" event=request_retry operation=continuation post_id=18gfvqs error_class=incomplete http_status=0 attempt=3 delay=756.636755ms
time=2026-08-14T19:09:29.572Z level=INFO msg="HTTP attempt completed" event=http_attempt scope=reddit operation=comments post_id=1lqvujo attempt=1 result=success http_status=200 duration=292.643416ms
time=2026-08-14T19:09:35.669Z level=INFO msg="HTTP attempt completed" event=http_attempt scope=reddit operation=comments post_id=1lm3ymf attempt=1 result=success http_status=200 duration=295.870458ms
time=2026-08-14T19:09:42.271Z level=INFO msg="HTTP attempt completed" event=http_attempt scope=reddit operation=comments post_id=1nhuz17 attempt=1 result=success http_status=200 duration=802.035375ms
time=2026-08-14T19:09:48.373Z level=INFO msg="HTTP attempt completed" event=http_attempt scope=reddit operation=continuation post_id=18gfvqs attempt=3 result=success http_status=200 duration=303.099916ms
time=2026-08-14T19:09:48.374Z level=WARN msg="request retry scheduled" event=request_retry operation=continuation post_id=18gfvqs error_class=incomplete http_status=0 attempt=4 delay=1.822518267s
time=2026-08-14T19:09:56.090Z level=INFO msg="HTTP attempt completed" event=http_attempt scope=reddit operation=comments post_id=1hx3sm6 attempt=1 result=success http_status=200 duration=2.221026959s
time=2026-08-14T19:09:59.895Z level=INFO msg="HTTP attempt completed" event=http_attempt scope=reddit operation=comments post_id=1zzz14x attempt=1 result=failure http_status=404 duration=226.088875ms error_class=not_found
time=2026-08-14T19:10:05.886Z level=INFO msg="HTTP attempt completed" event=http_attempt scope=reddit operation=comments post_id=1i2pohw attempt=1 result=success http_status=200 duration=416.605459ms
time=2026-08-14T19:10:12.192Z level=INFO msg="HTTP attempt completed" event=http_attempt scope=reddit operation=continuation post_id=18gfvqs attempt=4 result=success http_status=200 duration=304.85825ms
time=2026-08-14T19:10:18.651Z level=INFO msg="HTTP attempt completed" event=http_attempt scope=reddit operation=comments post_id=1nipbup attempt=1 result=success http_status=200 duration=457.520542ms
time=2026-08-14T19:10:24.983Z level=INFO msg="HTTP attempt completed" event=http_attempt scope=reddit operation=comments post_id=1l73ubj attempt=1 result=success http_status=200 duration=330.001333ms
time=2026-08-14T19:10:32.238Z level=INFO msg="HTTP attempt completed" event=http_attempt scope=reddit operation=comments post_id=1i8voji attempt=1 result=success http_status=200 duration=1.254684542s
time=2026-08-14T19:10:38.673Z level=INFO msg="HTTP attempt completed" event=http_attempt scope=reddit operation=comments post_id=1b4tw9i attempt=1 result=success http_status=200 duration=432.900334ms
time=2026-08-14T19:10:45.092Z level=INFO msg="HTTP attempt completed" event=http_attempt scope=reddit operation=comments post_id=1fv6ly8 attempt=1 result=success http_status=200 duration=417.836583ms
time=2026-08-14T19:10:51.496Z level=INFO msg="HTTP attempt completed" event=http_attempt scope=reddit operation=comments post_id=1k4guxq attempt=1 result=success http_status=200 duration=402.640333ms
time=2026-08-14T19:10:58.250Z level=INFO msg="HTTP attempt completed" event=http_attempt scope=reddit operation=comments post_id=1l87qib attempt=1 result=success http_status=200 duration=751.36475ms
time=2026-08-14T19:11:04.860Z level=INFO msg="HTTP attempt completed" event=http_attempt scope=reddit operation=comments post_id=16l1l7p attempt=1 result=success http_status=200 duration=608.499166ms
time=2026-08-14T19:11:11.290Z level=INFO msg="HTTP attempt completed" event=http_attempt scope=reddit operation=comments post_id=1n4bed1 attempt=1 result=success http_status=200 duration=429.346209ms
time=2026-08-14T19:11:17.615Z level=INFO msg="HTTP attempt completed" event=http_attempt scope=reddit operation=comments post_id=14g45pr attempt=1 result=success http_status=200 duration=322.686042ms
time=2026-08-14T19:11:23.935Z level=INFO msg="HTTP attempt completed" event=http_attempt scope=reddit operation=comments post_id=1jt2jy0 attempt=1 result=success http_status=200 duration=317.580042ms
time=2026-08-14T19:11:30.201Z level=INFO msg="HTTP attempt completed" event=http_attempt scope=reddit operation=continuation post_id=16l1l7p attempt=1 result=success http_status=200 duration=265.896125ms
time=2026-08-14T19:11:36.529Z level=INFO msg="HTTP attempt completed" event=http_attempt scope=reddit operation=comments post_id=1hmof39 attempt=1 result=success http_status=200 duration=325.867042ms
time=2026-08-14T19:11:43.965Z level=INFO msg="HTTP attempt completed" event=http_attempt scope=reddit operation=comments post_id=1i629rg attempt=1 result=success http_status=200 duration=1.435026542s
time=2026-08-14T19:11:51.322Z level=INFO msg="HTTP attempt completed" event=http_attempt scope=reddit operation=comments post_id=1krrnl6 attempt=1 result=success http_status=200 duration=1.35529875s
time=2026-08-14T19:11:57.937Z level=INFO msg="HTTP attempt completed" event=http_attempt scope=reddit operation=comments post_id=1fm5z6t attempt=1 result=success http_status=200 duration=614.631ms
time=2026-08-14T19:12:04.202Z level=INFO msg="HTTP attempt completed" event=http_attempt scope=reddit operation=continuation post_id=1i629rg attempt=1 result=success http_status=200 duration=263.049167ms
time=2026-08-14T19:12:10.519Z level=INFO msg="HTTP attempt completed" event=http_attempt scope=reddit operation=continuation post_id=1krrnl6 attempt=1 result=success http_status=200 duration=316.305291ms
time=2026-08-14T19:12:17.502Z level=INFO msg="HTTP attempt completed" event=http_attempt scope=reddit operation=comments post_id=1f45s99 attempt=1 result=success http_status=200 duration=981.525791ms
time=2026-08-14T19:12:24.026Z level=INFO msg="HTTP attempt completed" event=http_attempt scope=reddit operation=comments post_id=1ho6u3g attempt=1 result=success http_status=200 duration=523.344042ms
time=2026-08-14T19:12:30.996Z level=INFO msg="HTTP attempt completed" event=http_attempt scope=reddit operation=comments post_id=1efadba attempt=1 result=success http_status=200 duration=969.337625ms
time=2026-08-14T19:12:37.442Z level=INFO msg="HTTP attempt completed" event=http_attempt scope=reddit operation=comments post_id=1gnwuiq attempt=1 result=success http_status=200 duration=445.2615ms
time=2026-08-14T19:12:43.699Z level=INFO msg="HTTP attempt completed" event=http_attempt scope=reddit operation=comments post_id=1zzz02x attempt=1 result=failure http_status=404 duration=255.899083ms error_class=not_found
time=2026-08-14T19:12:50.649Z level=INFO msg="HTTP attempt completed" event=http_attempt scope=reddit operation=comments post_id=1kkviy9 attempt=1 result=success http_status=200 duration=948.422333ms
time=2026-08-14T19:12:57.114Z level=INFO msg="HTTP attempt completed" event=http_attempt scope=reddit operation=comments post_id=1c2oiom attempt=1 result=success http_status=200 duration=463.720208ms
time=2026-08-14T19:13:04.741Z level=INFO msg="HTTP attempt completed" event=http_attempt scope=reddit operation=comments post_id=1loded4 attempt=1 result=success http_status=200 duration=1.626666958s
time=2026-08-14T19:13:11.162Z level=INFO msg="HTTP attempt completed" event=http_attempt scope=reddit operation=comments post_id=1kr89rp attempt=1 result=success http_status=200 duration=419.567125ms
time=2026-08-14T19:13:17.416Z level=INFO msg="HTTP attempt completed" event=http_attempt scope=reddit operation=comments post_id=10lezbw attempt=1 result=success http_status=200 duration=252.375667ms
time=2026-08-14T19:13:23.813Z level=INFO msg="HTTP attempt completed" event=http_attempt scope=reddit operation=comments post_id=1c4t9t0 attempt=1 result=success http_status=200 duration=395.249792ms
time=2026-08-14T19:13:30.040Z level=INFO msg="HTTP attempt completed" event=http_attempt scope=reddit operation=comments post_id=1zzz01x attempt=1 result=failure http_status=404 duration=225.596084ms error_class=not_found
time=2026-08-14T19:13:36.253Z level=INFO msg="HTTP attempt completed" event=http_attempt scope=reddit operation=comments post_id=1zzz03x attempt=1 result=failure http_status=404 duration=211.974584ms error_class=not_found
time=2026-08-14T19:13:42.564Z level=INFO msg="HTTP attempt completed" event=http_attempt scope=reddit operation=comments post_id=1fktne8 attempt=1 result=success http_status=200 duration=309.12975ms
time=2026-08-14T19:13:48.824Z level=INFO msg="HTTP attempt completed" event=http_attempt scope=reddit operation=comments post_id=1fpf6hk attempt=1 result=success http_status=200 duration=259.36075ms
time=2026-08-14T19:13:55.157Z level=INFO msg="HTTP attempt completed" event=http_attempt scope=reddit operation=comments post_id=1het9gg attempt=1 result=success http_status=200 duration=331.062125ms
time=2026-08-14T19:14:01.519Z level=INFO msg="HTTP attempt completed" event=http_attempt scope=reddit operation=comments post_id=1kmv765 attempt=1 result=success http_status=200 duration=361.616792ms
time=2026-08-14T19:14:07.827Z level=INFO msg="HTTP attempt completed" event=http_attempt scope=reddit operation=comments post_id=1l58ge9 attempt=1 result=success http_status=200 duration=307.073666ms
time=2026-08-14T19:14:14.385Z level=INFO msg="HTTP attempt completed" event=http_attempt scope=reddit operation=comments post_id=1l43lfy attempt=1 result=success http_status=200 duration=556.834292ms
time=2026-08-14T19:14:20.727Z level=INFO msg="HTTP attempt completed" event=http_attempt scope=reddit operation=comments post_id=1gckj73 attempt=1 result=success http_status=200 duration=340.263333ms
time=2026-08-14T19:14:27.844Z level=INFO msg="HTTP attempt completed" event=http_attempt scope=reddit operation=comments post_id=1btaoe5 attempt=1 result=success http_status=200 duration=1.115975459s
time=2026-08-14T19:14:34.191Z level=INFO msg="HTTP attempt completed" event=http_attempt scope=reddit operation=comments post_id=18a5iwq attempt=1 result=success http_status=200 duration=345.383125ms
time=2026-08-14T19:14:40.516Z level=INFO msg="HTTP attempt completed" event=http_attempt scope=reddit operation=comments post_id=1ksthbp attempt=1 result=success http_status=200 duration=324.597917ms
time=2026-08-14T19:14:46.872Z level=INFO msg="HTTP attempt completed" event=http_attempt scope=reddit operation=comments post_id=1jjnt1h attempt=1 result=success http_status=200 duration=354.511833ms
time=2026-08-14T19:14:54.887Z level=INFO msg="HTTP attempt completed" event=http_attempt scope=reddit operation=comments post_id=1dzxivb attempt=1 result=success http_status=200 duration=2.013355542s
time=2026-08-14T19:15:01.940Z level=INFO msg="HTTP attempt completed" event=http_attempt scope=reddit operation=comments post_id=1aod346 attempt=1 result=success http_status=200 duration=1.051209083s
time=2026-08-14T19:15:08.220Z level=INFO msg="HTTP attempt completed" event=http_attempt scope=reddit operation=comments post_id=1jcli3n attempt=1 result=success http_status=200 duration=279.185917ms
time=2026-08-14T19:15:14.583Z level=INFO msg="HTTP attempt completed" event=http_attempt scope=reddit operation=comments post_id=1hg8z5k attempt=1 result=success http_status=200 duration=360.447ms
time=2026-08-14T19:15:21.334Z level=INFO msg="HTTP attempt completed" event=http_attempt scope=reddit operation=comments post_id=1et0ln3 attempt=1 result=success http_status=200 duration=748.195875ms
time=2026-08-14T19:15:27.661Z level=INFO msg="HTTP attempt completed" event=http_attempt scope=reddit operation=comments post_id=18a9168 attempt=1 result=success http_status=200 duration=326.375834ms
time=2026-08-14T19:15:34.040Z level=INFO msg="HTTP attempt completed" event=http_attempt scope=reddit operation=comments post_id=1l3715u attempt=1 result=success http_status=200 duration=378.736667ms
time=2026-08-14T19:15:40.454Z level=INFO msg="HTTP attempt completed" event=http_attempt scope=reddit operation=comments post_id=1nl6fs3 attempt=1 result=success http_status=200 duration=413.668959ms
time=2026-08-14T19:15:46.682Z level=INFO msg="HTTP attempt completed" event=http_attempt scope=reddit operation=comments post_id=1zzz12x attempt=1 result=failure http_status=404 duration=226.487208ms error_class=not_found
time=2026-08-14T19:15:53.078Z level=INFO msg="HTTP attempt completed" event=http_attempt scope=reddit operation=comments post_id=1naxweu attempt=1 result=success http_status=200 duration=395.279666ms
time=2026-08-14T19:15:59.437Z level=INFO msg="HTTP attempt completed" event=http_attempt scope=reddit operation=comments post_id=11ix707 attempt=1 result=success http_status=200 duration=357.665792ms
time=2026-08-14T19:16:05.915Z level=INFO msg="HTTP attempt completed" event=http_attempt scope=reddit operation=comments post_id=1eyj8vz attempt=1 result=success http_status=200 duration=476.448792ms
time=2026-08-14T19:16:12.282Z level=INFO msg="HTTP attempt completed" event=http_attempt scope=reddit operation=comments post_id=1gk8saq attempt=1 result=success http_status=200 duration=364.869292ms
time=2026-08-14T19:16:18.676Z level=INFO msg="HTTP attempt completed" event=http_attempt scope=reddit operation=comments post_id=188mnhk attempt=1 result=success http_status=200 duration=392.334208ms
time=2026-08-14T19:16:25.691Z level=INFO msg="HTTP attempt completed" event=http_attempt scope=reddit operation=comments post_id=1bl8eia attempt=1 result=success http_status=200 duration=1.013601958s
time=2026-08-14T19:16:32.143Z level=INFO msg="HTTP attempt completed" event=http_attempt scope=reddit operation=comments post_id=1jf5hzd attempt=1 result=success http_status=200 duration=450.143125ms
time=2026-08-14T19:16:39.015Z level=INFO msg="HTTP attempt completed" event=http_attempt scope=reddit operation=comments post_id=1iug1z2 attempt=1 result=success http_status=200 duration=870.348417ms
time=2026-08-14T19:16:45.294Z level=INFO msg="HTTP attempt completed" event=http_attempt scope=reddit operation=continuation post_id=1bl8eia attempt=1 result=success http_status=200 duration=277.374292ms
time=2026-08-14T19:16:51.834Z level=INFO msg="HTTP attempt completed" event=http_attempt scope=reddit operation=comments post_id=1l6d0bm attempt=1 result=success http_status=200 duration=539.0345ms
time=2026-08-14T19:16:58.065Z level=INFO msg="HTTP attempt completed" event=http_attempt scope=reddit operation=comments post_id=1zzz04x attempt=1 result=failure http_status=404 duration=229.105667ms error_class=not_found
time=2026-08-14T19:17:04.337Z level=INFO msg="HTTP attempt completed" event=http_attempt scope=reddit operation=continuation post_id=1bl8eia attempt=1 result=success http_status=200 duration=270.610333ms
time=2026-08-14T19:17:10.575Z level=INFO msg="HTTP attempt completed" event=http_attempt scope=reddit operation=comments post_id=1zzz08x attempt=1 result=failure http_status=404 duration=236.627041ms error_class=not_found
time=2026-08-14T19:17:16.929Z level=INFO msg="HTTP attempt completed" event=http_attempt scope=reddit operation=comments post_id=1lxepo2 attempt=1 result=success http_status=200 duration=352.344125ms
time=2026-08-14T19:17:23.203Z level=INFO msg="HTTP attempt completed" event=http_attempt scope=reddit operation=continuation post_id=1bl8eia attempt=1 result=success http_status=200 duration=272.360292ms
time=2026-08-14T19:17:29.517Z level=INFO msg="HTTP attempt completed" event=http_attempt scope=reddit operation=comments post_id=134kh2n attempt=1 result=success http_status=200 duration=311.238084ms
time=2026-08-14T19:17:36.038Z level=INFO msg="HTTP attempt completed" event=http_attempt scope=reddit operation=comments post_id=1j55pfh attempt=1 result=success http_status=200 duration=520.777041ms
time=2026-08-14T19:17:42.701Z level=INFO msg="HTTP attempt completed" event=http_attempt scope=reddit operation=comments post_id=1jmy1z9 attempt=1 result=success http_status=200 duration=661.954584ms
time=2026-08-14T19:17:48.979Z level=INFO msg="HTTP attempt completed" event=http_attempt scope=reddit operation=comments post_id=1035q0m attempt=1 result=success http_status=200 duration=276.010292ms
time=2026-08-14T19:17:55.257Z level=INFO msg="HTTP attempt completed" event=http_attempt scope=reddit operation=continuation post_id=1j55pfh attempt=1 result=success http_status=200 duration=277.848791ms
time=2026-08-14T19:18:01.742Z level=INFO msg="HTTP attempt completed" event=http_attempt scope=reddit operation=comments post_id=12vid0y attempt=1 result=success http_status=200 duration=483.808166ms
time=2026-08-14T19:18:08.089Z level=INFO msg="HTTP attempt completed" event=http_attempt scope=reddit operation=comments post_id=1jvbcib attempt=1 result=success http_status=200 duration=345.598583ms
time=2026-08-14T19:18:14.944Z level=INFO msg="HTTP attempt completed" event=http_attempt scope=reddit operation=comments post_id=1d94h2r attempt=1 result=success http_status=200 duration=850.700875ms
time=2026-08-14T19:18:21.264Z level=INFO msg="HTTP attempt completed" event=http_attempt scope=reddit operation=comments post_id=1lkc2en attempt=1 result=success http_status=200 duration=319.844667ms
time=2026-08-14T19:18:27.622Z level=INFO msg="HTTP attempt completed" event=http_attempt scope=reddit operation=comments post_id=1kqmnx5 attempt=1 result=success http_status=200 duration=356.671667ms
time=2026-08-14T19:18:33.958Z level=INFO msg="HTTP attempt completed" event=http_attempt scope=reddit operation=comments post_id=1hwncbe attempt=1 result=success http_status=200 duration=334.115ms
time=2026-08-14T19:18:40.294Z level=INFO msg="HTTP attempt completed" event=http_attempt scope=reddit operation=comments post_id=1fw7adr attempt=1 result=success http_status=200 duration=335.190916ms
time=2026-08-14T19:18:47.953Z level=INFO msg="HTTP attempt completed" event=http_attempt scope=reddit operation=comments post_id=1ko5736 attempt=1 result=success http_status=200 duration=1.656904917s
time=2026-08-14T19:18:54.367Z level=INFO msg="HTTP attempt completed" event=http_attempt scope=reddit operation=comments post_id=1k78b4b attempt=1 result=success http_status=200 duration=412.82625ms
time=2026-08-14T19:19:00.793Z level=INFO msg="HTTP attempt completed" event=http_attempt scope=reddit operation=comments post_id=1ncx7ad attempt=1 result=success http_status=200 duration=425.527458ms
time=2026-08-14T19:19:07.067Z level=INFO msg="HTTP attempt completed" event=http_attempt scope=reddit operation=continuation post_id=1ko5736 attempt=1 result=success http_status=200 duration=273.131875ms
time=2026-08-14T19:19:13.361Z level=INFO msg="HTTP attempt completed" event=http_attempt scope=reddit operation=comments post_id=1i4xevb attempt=1 result=success http_status=200 duration=292.036709ms
time=2026-08-14T19:19:20.171Z level=INFO msg="HTTP attempt completed" event=http_attempt scope=reddit operation=comments post_id=1jmrq3g attempt=1 result=success http_status=200 duration=809.366291ms
time=2026-08-14T19:19:26.514Z level=INFO msg="HTTP attempt completed" event=http_attempt scope=reddit operation=comments post_id=1kk2yb2 attempt=1 result=success http_status=200 duration=341.876333ms
time=2026-08-14T19:19:33.322Z level=INFO msg="HTTP attempt completed" event=http_attempt scope=reddit operation=comments post_id=1abn66u attempt=1 result=success http_status=200 duration=806.7305ms
time=2026-08-14T19:19:39.556Z level=INFO msg="HTTP attempt completed" event=http_attempt scope=reddit operation=comments post_id=1zzz06x attempt=1 result=failure http_status=404 duration=232.746541ms error_class=not_found
time=2026-08-14T19:19:45.808Z level=INFO msg="HTTP attempt completed" event=http_attempt scope=reddit operation=comments post_id=1zzz15x attempt=1 result=failure http_status=404 duration=250.345459ms error_class=not_found
time=2026-08-14T19:19:52.425Z level=INFO msg="HTTP attempt completed" event=http_attempt scope=reddit operation=comments post_id=1i18x2k attempt=1 result=success http_status=200 duration=615.7065ms
time=2026-08-14T19:19:58.502Z level=INFO msg="HTTP attempt completed" event=http_attempt scope=reddit operation=comments post_id=1kw56qk attempt=1 result=success http_status=200 duration=692.564792ms
time=2026-08-14T19:20:04.170Z level=INFO msg="HTTP attempt completed" event=http_attempt scope=reddit operation=comments post_id=1jwr0j9 attempt=1 result=success http_status=200 duration=359.221042ms
time=2026-08-14T19:20:10.826Z level=INFO msg="HTTP attempt completed" event=http_attempt scope=reddit operation=comments post_id=11hq18h attempt=1 result=success http_status=200 duration=634.077ms
time=2026-08-14T19:20:17.203Z level=INFO msg="HTTP attempt completed" event=http_attempt scope=reddit operation=comments post_id=1kzns0k attempt=1 result=success http_status=200 duration=356.285167ms
time=2026-08-14T19:20:23.801Z level=INFO msg="HTTP attempt completed" event=http_attempt scope=reddit operation=comments post_id=18qvzjn attempt=1 result=success http_status=200 duration=576.654291ms
time=2026-08-14T19:20:30.387Z level=INFO msg="HTTP attempt completed" event=http_attempt scope=reddit operation=comments post_id=1i79pn9 attempt=1 result=success http_status=200 duration=563.897584ms
time=2026-08-14T19:20:36.817Z level=INFO msg="HTTP attempt completed" event=http_attempt scope=reddit operation=comments post_id=1ffb7p5 attempt=1 result=success http_status=200 duration=407.374542ms
time=2026-08-14T19:20:43.228Z level=INFO msg="HTTP attempt completed" event=http_attempt scope=reddit operation=comments post_id=1i466h1 attempt=1 result=success http_status=200 duration=389.508875ms
time=2026-08-14T19:20:49.474Z level=INFO msg="HTTP attempt completed" event=http_attempt scope=reddit operation=comments post_id=1zzz17x attempt=1 result=failure http_status=404 duration=225.0135ms error_class=not_found
time=2026-08-14T19:20:56.082Z level=INFO msg="HTTP attempt completed" event=http_attempt scope=reddit operation=comments post_id=1faql8v attempt=1 result=success http_status=200 duration=586.469666ms
time=2026-08-14T19:21:02.478Z level=INFO msg="HTTP attempt completed" event=http_attempt scope=reddit operation=comments post_id=1kqe05h attempt=1 result=success http_status=200 duration=374.666125ms
time=2026-08-14T19:21:09.033Z level=INFO msg="HTTP attempt completed" event=http_attempt scope=reddit operation=comments post_id=1i2fc3f attempt=1 result=success http_status=200 duration=532.093083ms
time=2026-08-14T19:21:15.519Z level=INFO msg="HTTP attempt completed" event=http_attempt scope=reddit operation=comments post_id=1ba3o5a attempt=1 result=success http_status=200 duration=464.433792ms
time=2026-08-14T19:21:22.142Z level=INFO msg="HTTP attempt completed" event=http_attempt scope=reddit operation=comments post_id=1h6qi6n attempt=1 result=success http_status=200 duration=601.022958ms
time=2026-08-14T19:21:28.563Z level=INFO msg="HTTP attempt completed" event=http_attempt scope=reddit operation=comments post_id=1g64j1k attempt=1 result=success http_status=200 duration=399.246ms
time=2026-08-14T19:21:35.044Z level=INFO msg="HTTP attempt completed" event=http_attempt scope=reddit operation=comments post_id=1kvwkv1 attempt=1 result=success http_status=200 duration=460.88025ms
time=2026-08-14T19:21:41.840Z level=INFO msg="HTTP attempt completed" event=http_attempt scope=reddit operation=comments post_id=1klq2h1 attempt=1 result=success http_status=200 duration=774.599625ms
time=2026-08-14T19:21:48.971Z level=INFO msg="HTTP attempt completed" event=http_attempt scope=reddit operation=comments post_id=1gticae attempt=1 result=success http_status=200 duration=1.109941875s
time=2026-08-14T19:21:55.310Z level=INFO msg="HTTP attempt completed" event=http_attempt scope=reddit operation=comments post_id=1kakt8i attempt=1 result=success http_status=200 duration=317.966417ms
time=2026-08-14T19:22:01.555Z level=INFO msg="HTTP attempt completed" event=http_attempt scope=reddit operation=comments post_id=1zzz18x attempt=1 result=failure http_status=404 duration=223.979875ms error_class=not_found
time=2026-08-14T19:22:08.429Z level=INFO msg="HTTP attempt completed" event=http_attempt scope=reddit operation=comments post_id=1n5eojd attempt=1 result=success http_status=200 duration=853.43375ms
time=2026-08-14T19:22:14.749Z level=INFO msg="HTTP attempt completed" event=http_attempt scope=reddit operation=comments post_id=1fsuvii attempt=1 result=success http_status=200 duration=297.8225ms
time=2026-08-14T19:22:21.262Z level=INFO msg="HTTP attempt completed" event=http_attempt scope=reddit operation=comments post_id=1bcy7fv attempt=1 result=success http_status=200 duration=491.892584ms
time=2026-08-14T19:22:27.510Z level=INFO msg="HTTP attempt completed" event=http_attempt scope=reddit operation=comments post_id=1zzz05x attempt=1 result=failure http_status=404 duration=226.557875ms error_class=not_found
time=2026-08-14T19:22:34.198Z level=INFO msg="HTTP attempt completed" event=http_attempt scope=reddit operation=comments post_id=1f96gvf attempt=1 result=success http_status=200 duration=667.395666ms
time=2026-08-14T19:22:40.656Z level=INFO msg="HTTP attempt completed" event=http_attempt scope=reddit operation=comments post_id=1kumuct attempt=1 result=success http_status=200 duration=437.562666ms
time=2026-08-14T19:22:47.287Z level=INFO msg="HTTP attempt completed" event=http_attempt scope=reddit operation=comments post_id=1kqpnvh attempt=1 result=success http_status=200 duration=610.060291ms
time=2026-08-14T19:22:53.751Z level=INFO msg="HTTP attempt completed" event=http_attempt scope=reddit operation=comments post_id=1g8n91q attempt=1 result=success http_status=200 duration=442.645959ms
time=2026-08-14T19:23:00.025Z level=INFO msg="HTTP attempt completed" event=http_attempt scope=reddit operation=comment_expansion post_id=14g45pr attempt=1 result=success http_status=200 duration=253.302416ms
time=2026-08-14T19:23:06.313Z level=INFO msg="HTTP attempt completed" event=http_attempt scope=reddit operation=comment_expansion post_id=14g45pr attempt=1 result=success http_status=200 duration=266.520125ms
time=2026-08-14T19:23:12.631Z level=INFO msg="HTTP attempt completed" event=http_attempt scope=reddit operation=comment_expansion post_id=14g45pr attempt=1 result=success http_status=200 duration=297.069208ms
time=2026-08-14T19:23:18.982Z level=INFO msg="HTTP attempt completed" event=http_attempt scope=reddit operation=comment_expansion post_id=14g45pr attempt=1 result=success http_status=200 duration=329.342625ms
time=2026-08-14T19:23:25.274Z level=INFO msg="HTTP attempt completed" event=http_attempt scope=reddit operation=comment_expansion post_id=14g45pr attempt=1 result=success http_status=200 duration=271.251583ms
time=2026-08-14T19:23:31.557Z level=INFO msg="HTTP attempt completed" event=http_attempt scope=reddit operation=comment_expansion post_id=14g45pr attempt=1 result=success http_status=200 duration=261.606917ms
time=2026-08-14T19:23:31.558Z level=INFO msg="post processing completed" event=post_outcome post_id=18blp0w source_line=1 status=completed comments=71 bodies_visited=71 expansion_requests=0 continuation_requests=0 counted_tokens=1630
time=2026-08-14T19:23:31.558Z level=INFO msg="post processing completed" event=post_outcome post_id=1hm5cxl source_line=2 status=completed comments=152 bodies_visited=150 expansion_requests=0 continuation_requests=0 counted_tokens=1177
time=2026-08-14T19:23:31.558Z level=INFO msg="post processing completed" event=post_outcome post_id=1k32joq source_line=3 status=completed comments=45 bodies_visited=45 expansion_requests=0 continuation_requests=0 counted_tokens=705
time=2026-08-14T19:23:31.558Z level=INFO msg="post processing completed" event=post_outcome post_id=1kx00un source_line=4 status=completed comments=33 bodies_visited=33 expansion_requests=0 continuation_requests=0 counted_tokens=311
time=2026-08-14T19:23:31.558Z level=INFO msg="post processing completed" event=post_outcome post_id=1zzz13x source_line=5 status=skipped comments=0 bodies_visited=0 expansion_requests=0 continuation_requests=0 counted_tokens=0 error_class=not_found operation=comments http_status=404
time=2026-08-14T19:23:31.558Z level=INFO msg="post processing completed" event=post_outcome post_id=1g1w2rg source_line=6 status=completed comments=43 bodies_visited=43 expansion_requests=0 continuation_requests=0 counted_tokens=1203
time=2026-08-14T19:23:31.558Z level=INFO msg="post processing completed" event=post_outcome post_id=1hegc8m source_line=7 status=completed comments=84 bodies_visited=81 expansion_requests=0 continuation_requests=0 counted_tokens=2820
time=2026-08-14T19:23:31.558Z level=INFO msg="post processing completed" event=post_outcome post_id=1foal72 source_line=8 status=completed comments=25 bodies_visited=25 expansion_requests=0 continuation_requests=0 counted_tokens=157
time=2026-08-14T19:23:31.558Z level=INFO msg="post processing completed" event=post_outcome post_id=18p92e0 source_line=9 status=completed comments=20 bodies_visited=20 expansion_requests=0 continuation_requests=0 counted_tokens=143
time=2026-08-14T19:23:31.558Z level=INFO msg="post processing completed" event=post_outcome post_id=1hx1slo source_line=10 status=completed comments=57 bodies_visited=57 expansion_requests=0 continuation_requests=0 counted_tokens=732
time=2026-08-14T19:23:31.559Z level=INFO msg="post processing completed" event=post_outcome post_id=1zzz07x source_line=11 status=skipped comments=0 bodies_visited=0 expansion_requests=0 continuation_requests=0 counted_tokens=0 error_class=not_found operation=comments http_status=404
time=2026-08-14T19:23:31.559Z level=INFO msg="post processing completed" event=post_outcome post_id=1g85in7 source_line=12 status=completed comments=15 bodies_visited=15 expansion_requests=0 continuation_requests=0 counted_tokens=323
time=2026-08-14T19:23:31.559Z level=INFO msg="post processing completed" event=post_outcome post_id=1kgavsj source_line=13 status=completed comments=5 bodies_visited=5 expansion_requests=0 continuation_requests=0 counted_tokens=28
time=2026-08-14T19:23:31.559Z level=INFO msg="post processing completed" event=post_outcome post_id=1jym8mi source_line=14 status=completed comments=37 bodies_visited=37 expansion_requests=0 continuation_requests=0 counted_tokens=501
time=2026-08-14T19:23:31.559Z level=INFO msg="post processing completed" event=post_outcome post_id=12jrffl source_line=15 status=completed comments=42 bodies_visited=42 expansion_requests=0 continuation_requests=0 counted_tokens=614
time=2026-08-14T19:23:31.559Z level=INFO msg="post processing completed" event=post_outcome post_id=1ftz7zf source_line=16 status=completed comments=10 bodies_visited=10 expansion_requests=0 continuation_requests=0 counted_tokens=52
time=2026-08-14T19:23:31.559Z level=INFO msg="post processing completed" event=post_outcome post_id=1kw3xds source_line=17 status=completed comments=28 bodies_visited=28 expansion_requests=0 continuation_requests=0 counted_tokens=792
time=2026-08-14T19:23:31.559Z level=INFO msg="post processing completed" event=post_outcome post_id=1htxcpe source_line=18 status=completed comments=33 bodies_visited=33 expansion_requests=0 continuation_requests=0 counted_tokens=408
time=2026-08-14T19:23:31.559Z level=INFO msg="post processing completed" event=post_outcome post_id=1kboruv source_line=19 status=completed comments=43 bodies_visited=43 expansion_requests=0 continuation_requests=0 counted_tokens=711
time=2026-08-14T19:23:31.559Z level=INFO msg="post processing completed" event=post_outcome post_id=1knjdh4 source_line=20 status=completed comments=7 bodies_visited=7 expansion_requests=0 continuation_requests=0 counted_tokens=83
time=2026-08-14T19:23:31.559Z level=INFO msg="post processing completed" event=post_outcome post_id=1nvh02s source_line=21 status=completed comments=38 bodies_visited=37 expansion_requests=0 continuation_requests=0 counted_tokens=882
time=2026-08-14T19:23:31.559Z level=INFO msg="post processing completed" event=post_outcome post_id=1moxo3v source_line=22 status=completed comments=47 bodies_visited=47 expansion_requests=0 continuation_requests=0 counted_tokens=1795
time=2026-08-14T19:23:31.559Z level=INFO msg="post processing completed" event=post_outcome post_id=1lxwi5o source_line=23 status=completed comments=17 bodies_visited=17 expansion_requests=0 continuation_requests=0 counted_tokens=89
time=2026-08-14T19:23:31.559Z level=INFO msg="post processing completed" event=post_outcome post_id=1myivee source_line=24 status=completed comments=47 bodies_visited=46 expansion_requests=0 continuation_requests=0 counted_tokens=658
time=2026-08-14T19:23:31.559Z level=INFO msg="post processing completed" event=post_outcome post_id=1ma5p98 source_line=25 status=completed comments=18 bodies_visited=17 expansion_requests=0 continuation_requests=0 counted_tokens=165
time=2026-08-14T19:23:31.559Z level=INFO msg="post processing completed" event=post_outcome post_id=1jz2hfv source_line=26 status=completed comments=63 bodies_visited=63 expansion_requests=0 continuation_requests=0 counted_tokens=790
time=2026-08-14T19:23:31.559Z level=INFO msg="post processing completed" event=post_outcome post_id=1n709xo source_line=27 status=completed comments=44 bodies_visited=43 expansion_requests=0 continuation_requests=0 counted_tokens=1032
time=2026-08-14T19:23:31.559Z level=INFO msg="post processing completed" event=post_outcome post_id=1h8ue30 source_line=28 status=completed comments=110 bodies_visited=110 expansion_requests=0 continuation_requests=0 counted_tokens=1367
time=2026-08-14T19:23:31.559Z level=INFO msg="post processing completed" event=post_outcome post_id=1ko7t3a source_line=29 status=completed comments=8 bodies_visited=8 expansion_requests=0 continuation_requests=0 counted_tokens=41
time=2026-08-14T19:23:31.559Z level=INFO msg="post processing completed" event=post_outcome post_id=1gpt7nj source_line=30 status=completed comments=42 bodies_visited=42 expansion_requests=0 continuation_requests=0 counted_tokens=730
time=2026-08-14T19:23:31.559Z level=INFO msg="post processing completed" event=post_outcome post_id=17p36e9 source_line=31 status=completed comments=28 bodies_visited=28 expansion_requests=0 continuation_requests=0 counted_tokens=265
time=2026-08-14T19:23:31.559Z level=INFO msg="post processing completed" event=post_outcome post_id=1l9q1rx source_line=32 status=completed comments=33 bodies_visited=33 expansion_requests=0 continuation_requests=0 counted_tokens=303
time=2026-08-14T19:23:31.559Z level=INFO msg="post processing completed" event=post_outcome post_id=1hsta1l source_line=33 status=completed comments=47 bodies_visited=46 expansion_requests=0 continuation_requests=0 counted_tokens=632
time=2026-08-14T19:23:31.559Z level=INFO msg="post processing completed" event=post_outcome post_id=1k4eqyt source_line=34 status=completed comments=61 bodies_visited=61 expansion_requests=0 continuation_requests=0 counted_tokens=518
time=2026-08-14T19:23:31.559Z level=INFO msg="post processing completed" event=post_outcome post_id=1g04rk7 source_line=35 status=completed comments=50 bodies_visited=50 expansion_requests=0 continuation_requests=0 counted_tokens=376
time=2026-08-14T19:23:31.559Z level=INFO msg="post processing completed" event=post_outcome post_id=1mhzlv2 source_line=36 status=completed comments=51 bodies_visited=50 expansion_requests=0 continuation_requests=0 counted_tokens=711
time=2026-08-14T19:23:31.559Z level=INFO msg="post processing completed" event=post_outcome post_id=176axim source_line=37 status=completed comments=60 bodies_visited=60 expansion_requests=0 continuation_requests=0 counted_tokens=633
time=2026-08-14T19:23:31.559Z level=INFO msg="post processing completed" event=post_outcome post_id=1eegiye source_line=38 status=completed comments=64 bodies_visited=53 expansion_requests=0 continuation_requests=0 counted_tokens=1654
time=2026-08-14T19:23:31.559Z level=INFO msg="post processing completed" event=post_outcome post_id=1l26cik source_line=39 status=completed comments=32 bodies_visited=31 expansion_requests=0 continuation_requests=0 counted_tokens=340
time=2026-08-14T19:23:31.559Z level=INFO msg="post processing completed" event=post_outcome post_id=1ln0vhu source_line=40 status=completed comments=23 bodies_visited=22 expansion_requests=0 continuation_requests=0 counted_tokens=183
time=2026-08-14T19:23:31.559Z level=INFO msg="post processing completed" event=post_outcome post_id=1eglvno source_line=41 status=completed comments=49 bodies_visited=49 expansion_requests=0 continuation_requests=0 counted_tokens=1065
time=2026-08-14T19:23:31.559Z level=INFO msg="post processing completed" event=post_outcome post_id=1zzz16x source_line=42 status=skipped comments=0 bodies_visited=0 expansion_requests=0 continuation_requests=0 counted_tokens=0 error_class=not_found operation=comments http_status=404
time=2026-08-14T19:23:31.559Z level=INFO msg="post processing completed" event=post_outcome post_id=1nzaema source_line=43 status=completed comments=34 bodies_visited=34 expansion_requests=0 continuation_requests=0 counted_tokens=316
time=2026-08-14T19:23:31.559Z level=INFO msg="post processing completed" event=post_outcome post_id=1kzczxr source_line=44 status=completed comments=31 bodies_visited=30 expansion_requests=0 continuation_requests=0 counted_tokens=209
time=2026-08-14T19:23:31.559Z level=INFO msg="post processing completed" event=post_outcome post_id=1leho7y source_line=45 status=completed comments=18 bodies_visited=18 expansion_requests=0 continuation_requests=0 counted_tokens=88
time=2026-08-14T19:23:31.559Z level=INFO msg="post processing completed" event=post_outcome post_id=11tq55f source_line=46 status=completed comments=44 bodies_visited=44 expansion_requests=0 continuation_requests=0 counted_tokens=498
time=2026-08-14T19:23:31.559Z level=INFO msg="post processing completed" event=post_outcome post_id=1k9ao8a source_line=47 status=completed comments=37 bodies_visited=36 expansion_requests=0 continuation_requests=0 counted_tokens=652
time=2026-08-14T19:23:31.559Z level=INFO msg="post processing completed" event=post_outcome post_id=1kpuxz0 source_line=48 status=completed comments=145 bodies_visited=138 expansion_requests=0 continuation_requests=0 counted_tokens=2620
time=2026-08-14T19:23:31.559Z level=INFO msg="post processing completed" event=post_outcome post_id=1b3lm6y source_line=49 status=completed comments=52 bodies_visited=51 expansion_requests=0 continuation_requests=0 counted_tokens=1895
time=2026-08-14T19:23:31.559Z level=INFO msg="post processing completed" event=post_outcome post_id=1nz384p source_line=50 status=completed comments=40 bodies_visited=40 expansion_requests=0 continuation_requests=0 counted_tokens=932
time=2026-08-14T19:23:31.559Z level=INFO msg="post processing completed" event=post_outcome post_id=1zzz10x source_line=51 status=skipped comments=0 bodies_visited=0 expansion_requests=0 continuation_requests=0 counted_tokens=0 error_class=not_found operation=comments http_status=404
time=2026-08-14T19:23:31.559Z level=INFO msg="post processing completed" event=post_outcome post_id=102d29i source_line=52 status=completed comments=4 bodies_visited=4 expansion_requests=0 continuation_requests=0 counted_tokens=13
time=2026-08-14T19:23:31.559Z level=INFO msg="post processing completed" event=post_outcome post_id=1gokxxa source_line=53 status=completed comments=41 bodies_visited=40 expansion_requests=0 continuation_requests=0 counted_tokens=282
time=2026-08-14T19:23:31.559Z level=INFO msg="post processing completed" event=post_outcome post_id=1iiqz23 source_line=54 status=completed comments=31 bodies_visited=31 expansion_requests=0 continuation_requests=0 counted_tokens=173
time=2026-08-14T19:23:31.559Z level=INFO msg="post processing completed" event=post_outcome post_id=17iy3et source_line=55 status=completed comments=23 bodies_visited=23 expansion_requests=0 continuation_requests=0 counted_tokens=174
time=2026-08-14T19:23:31.559Z level=INFO msg="post processing completed" event=post_outcome post_id=1zzz09x source_line=56 status=skipped comments=0 bodies_visited=0 expansion_requests=0 continuation_requests=0 counted_tokens=0 error_class=not_found operation=comments http_status=404
time=2026-08-14T19:23:31.559Z level=INFO msg="post processing completed" event=post_outcome post_id=1hyc2vf source_line=57 status=completed comments=27 bodies_visited=26 expansion_requests=0 continuation_requests=0 counted_tokens=930
time=2026-08-14T19:23:31.559Z level=INFO msg="post processing completed" event=post_outcome post_id=1lglf7s source_line=58 status=completed comments=14 bodies_visited=14 expansion_requests=0 continuation_requests=0 counted_tokens=181
time=2026-08-14T19:23:31.559Z level=INFO msg="post processing completed" event=post_outcome post_id=1kulho7 source_line=59 status=completed comments=72 bodies_visited=72 expansion_requests=0 continuation_requests=0 counted_tokens=1474
time=2026-08-14T19:23:31.559Z level=INFO msg="post processing completed" event=post_outcome post_id=1nh9a8c source_line=60 status=completed comments=52 bodies_visited=52 expansion_requests=0 continuation_requests=0 counted_tokens=434
time=2026-08-14T19:23:31.559Z level=INFO msg="post processing completed" event=post_outcome post_id=1zzz19x source_line=61 status=skipped comments=0 bodies_visited=0 expansion_requests=0 continuation_requests=0 counted_tokens=0 error_class=not_found operation=comments http_status=404
time=2026-08-14T19:23:31.559Z level=INFO msg="post processing completed" event=post_outcome post_id=185zfr2 source_line=62 status=completed comments=32 bodies_visited=32 expansion_requests=0 continuation_requests=0 counted_tokens=221
time=2026-08-14T19:23:31.559Z level=INFO msg="post processing completed" event=post_outcome post_id=1jqgbhw source_line=63 status=completed comments=54 bodies_visited=54 expansion_requests=0 continuation_requests=0 counted_tokens=689
time=2026-08-14T19:23:31.559Z level=INFO msg="post processing completed" event=post_outcome post_id=1l8k6g6 source_line=64 status=completed comments=31 bodies_visited=30 expansion_requests=0 continuation_requests=0 counted_tokens=675
time=2026-08-14T19:23:31.559Z level=INFO msg="post processing completed" event=post_outcome post_id=1fftze8 source_line=65 status=completed comments=24 bodies_visited=24 expansion_requests=0 continuation_requests=0 counted_tokens=242
time=2026-08-14T19:23:31.559Z level=INFO msg="post processing completed" event=post_outcome post_id=1gxulx1 source_line=66 status=completed comments=23 bodies_visited=23 expansion_requests=0 continuation_requests=0 counted_tokens=630
time=2026-08-14T19:23:31.560Z level=INFO msg="post processing completed" event=post_outcome post_id=1hqxclf source_line=67 status=completed comments=12 bodies_visited=12 expansion_requests=0 continuation_requests=0 counted_tokens=98
time=2026-08-14T19:23:31.560Z level=INFO msg="post processing completed" event=post_outcome post_id=1zzz11x source_line=68 status=skipped comments=0 bodies_visited=0 expansion_requests=0 continuation_requests=0 counted_tokens=0 error_class=not_found operation=comments http_status=404
time=2026-08-14T19:23:31.560Z level=INFO msg="post processing completed" event=post_outcome post_id=1877z3u source_line=69 status=completed comments=18 bodies_visited=18 expansion_requests=0 continuation_requests=0 counted_tokens=302
time=2026-08-14T19:23:31.560Z level=INFO msg="post processing completed" event=post_outcome post_id=1gt2bu3 source_line=70 status=completed comments=10 bodies_visited=10 expansion_requests=0 continuation_requests=0 counted_tokens=67
time=2026-08-14T19:23:31.560Z level=INFO msg="post processing completed" event=post_outcome post_id=17fd2sp source_line=71 status=completed comments=33 bodies_visited=33 expansion_requests=0 continuation_requests=0 counted_tokens=323
time=2026-08-14T19:23:31.560Z level=INFO msg="post processing completed" event=post_outcome post_id=1ae4ibd source_line=72 status=completed comments=55 bodies_visited=55 expansion_requests=0 continuation_requests=0 counted_tokens=1006
time=2026-08-14T19:23:31.560Z level=INFO msg="post processing completed" event=post_outcome post_id=1kogpj8 source_line=73 status=completed comments=28 bodies_visited=28 expansion_requests=0 continuation_requests=0 counted_tokens=322
time=2026-08-14T19:23:31.560Z level=INFO msg="post processing completed" event=post_outcome post_id=1hv0j0c source_line=74 status=completed comments=30 bodies_visited=30 expansion_requests=0 continuation_requests=0 counted_tokens=210
time=2026-08-14T19:23:31.560Z level=INFO msg="post processing completed" event=post_outcome post_id=1zzz20x source_line=75 status=skipped comments=0 bodies_visited=0 expansion_requests=0 continuation_requests=0 counted_tokens=0 error_class=not_found operation=comments http_status=404
time=2026-08-14T19:23:31.560Z level=INFO msg="post processing completed" event=post_outcome post_id=1c8lq7w source_line=76 status=completed comments=124 bodies_visited=120 expansion_requests=0 continuation_requests=0 counted_tokens=2529
time=2026-08-14T19:23:31.560Z level=INFO msg="post processing completed" event=post_outcome post_id=1ktto6u source_line=77 status=completed comments=38 bodies_visited=38 expansion_requests=0 continuation_requests=0 counted_tokens=1226
time=2026-08-14T19:23:31.560Z level=INFO msg="post processing completed" event=post_outcome post_id=1l49nbq source_line=78 status=completed comments=10 bodies_visited=10 expansion_requests=0 continuation_requests=0 counted_tokens=67
time=2026-08-14T19:23:31.560Z level=INFO msg="post processing completed" event=post_outcome post_id=18gfvqs source_line=79 status=incomplete comments=80 bodies_visited=51 expansion_requests=0 continuation_requests=5 counted_tokens=0 error_class=incomplete operation=continuation
time=2026-08-14T19:23:31.560Z level=INFO msg="post processing completed" event=post_outcome post_id=1laihh2 source_line=80 status=completed comments=18 bodies_visited=18 expansion_requests=0 continuation_requests=0 counted_tokens=194
time=2026-08-14T19:23:31.560Z level=INFO msg="post processing completed" event=post_outcome post_id=1iyts2g source_line=81 status=completed comments=29 bodies_visited=29 expansion_requests=0 continuation_requests=0 counted_tokens=401
time=2026-08-14T19:23:31.560Z level=INFO msg="post processing completed" event=post_outcome post_id=1l92uza source_line=82 status=completed comments=23 bodies_visited=23 expansion_requests=0 continuation_requests=0 counted_tokens=360
time=2026-08-14T19:23:31.560Z level=INFO msg="post processing completed" event=post_outcome post_id=1mmlj2j source_line=83 status=completed comments=38 bodies_visited=37 expansion_requests=0 continuation_requests=0 counted_tokens=377
time=2026-08-14T19:23:31.560Z level=INFO msg="post processing completed" event=post_outcome post_id=1ilica0 source_line=84 status=completed comments=9 bodies_visited=9 expansion_requests=0 continuation_requests=0 counted_tokens=95
time=2026-08-14T19:23:31.560Z level=INFO msg="post processing completed" event=post_outcome post_id=1fxue2x source_line=85 status=completed comments=54 bodies_visited=54 expansion_requests=0 continuation_requests=0 counted_tokens=888
time=2026-08-14T19:23:31.560Z level=INFO msg="post processing completed" event=post_outcome post_id=1lqvujo source_line=86 status=completed comments=8 bodies_visited=8 expansion_requests=0 continuation_requests=0 counted_tokens=60
time=2026-08-14T19:23:31.560Z level=INFO msg="post processing completed" event=post_outcome post_id=1lm3ymf source_line=87 status=completed comments=14 bodies_visited=14 expansion_requests=0 continuation_requests=0 counted_tokens=75
time=2026-08-14T19:23:31.560Z level=INFO msg="post processing completed" event=post_outcome post_id=1nhuz17 source_line=88 status=completed comments=107 bodies_visited=107 expansion_requests=0 continuation_requests=0 counted_tokens=1093
time=2026-08-14T19:23:31.560Z level=INFO msg="post processing completed" event=post_outcome post_id=1hx3sm6 source_line=89 status=completed comments=21 bodies_visited=21 expansion_requests=0 continuation_requests=0 counted_tokens=178
time=2026-08-14T19:23:31.560Z level=INFO msg="post processing completed" event=post_outcome post_id=1zzz14x source_line=90 status=skipped comments=0 bodies_visited=0 expansion_requests=0 continuation_requests=0 counted_tokens=0 error_class=not_found operation=comments http_status=404
time=2026-08-14T19:23:31.560Z level=INFO msg="post processing completed" event=post_outcome post_id=1i2pohw source_line=91 status=completed comments=30 bodies_visited=30 expansion_requests=0 continuation_requests=0 counted_tokens=414
time=2026-08-14T19:23:31.560Z level=INFO msg="post processing completed" event=post_outcome post_id=1nipbup source_line=92 status=completed comments=37 bodies_visited=37 expansion_requests=0 continuation_requests=0 counted_tokens=543
time=2026-08-14T19:23:31.560Z level=INFO msg="post processing completed" event=post_outcome post_id=1l73ubj source_line=93 status=completed comments=19 bodies_visited=19 expansion_requests=0 continuation_requests=0 counted_tokens=203
time=2026-08-14T19:23:31.560Z level=INFO msg="post processing completed" event=post_outcome post_id=1i8voji source_line=94 status=completed comments=212 bodies_visited=206 expansion_requests=0 continuation_requests=0 counted_tokens=6542
time=2026-08-14T19:23:31.560Z level=INFO msg="post processing completed" event=post_outcome post_id=1b4tw9i source_line=95 status=completed comments=37 bodies_visited=37 expansion_requests=0 continuation_requests=0 counted_tokens=257
time=2026-08-14T19:23:31.560Z level=INFO msg="post processing completed" event=post_outcome post_id=1fv6ly8 source_line=96 status=completed comments=41 bodies_visited=41 expansion_requests=0 continuation_requests=0 counted_tokens=1024
time=2026-08-14T19:23:31.560Z level=INFO msg="post processing completed" event=post_outcome post_id=1k4guxq source_line=97 status=completed comments=39 bodies_visited=39 expansion_requests=0 continuation_requests=0 counted_tokens=222
time=2026-08-14T19:23:31.560Z level=INFO msg="post processing completed" event=post_outcome post_id=1l87qib source_line=98 status=completed comments=85 bodies_visited=84 expansion_requests=0 continuation_requests=0 counted_tokens=2345
time=2026-08-14T19:23:31.560Z level=INFO msg="post processing completed" event=post_outcome post_id=16l1l7p source_line=99 status=completed comments=63 bodies_visited=62 expansion_requests=0 continuation_requests=1 counted_tokens=1207
time=2026-08-14T19:23:31.560Z level=INFO msg="post processing completed" event=post_outcome post_id=1n4bed1 source_line=100 status=completed comments=30 bodies_visited=29 expansion_requests=0 continuation_requests=0 counted_tokens=186
time=2026-08-14T19:23:31.560Z level=INFO msg="post processing completed" event=post_outcome post_id=14g45pr source_line=101 status=completed comments=21 bodies_visited=21 expansion_requests=6 continuation_requests=0 counted_tokens=808
time=2026-08-14T19:23:31.560Z level=INFO msg="post processing completed" event=post_outcome post_id=1jt2jy0 source_line=102 status=completed comments=9 bodies_visited=9 expansion_requests=0 continuation_requests=0 counted_tokens=109
time=2026-08-14T19:23:31.560Z level=INFO msg="post processing completed" event=post_outcome post_id=1hmof39 source_line=103 status=completed comments=11 bodies_visited=11 expansion_requests=0 continuation_requests=0 counted_tokens=66
time=2026-08-14T19:23:31.560Z level=INFO msg="post processing completed" event=post_outcome post_id=1i629rg source_line=104 status=completed comments=267 bodies_visited=264 expansion_requests=0 continuation_requests=1 counted_tokens=3427
time=2026-08-14T19:23:31.560Z level=INFO msg="post processing completed" event=post_outcome post_id=1krrnl6 source_line=105 status=completed comments=138 bodies_visited=135 expansion_requests=0 continuation_requests=1 counted_tokens=2654
time=2026-08-14T19:23:31.560Z level=INFO msg="post processing completed" event=post_outcome post_id=1fm5z6t source_line=106 status=completed comments=71 bodies_visited=71 expansion_requests=0 continuation_requests=0 counted_tokens=1646
time=2026-08-14T19:23:31.560Z level=INFO msg="post processing completed" event=post_outcome post_id=1f45s99 source_line=107 status=completed comments=143 bodies_visited=142 expansion_requests=0 continuation_requests=0 counted_tokens=1754
time=2026-08-14T19:23:31.560Z level=INFO msg="post processing completed" event=post_outcome post_id=1ho6u3g source_line=108 status=completed comments=46 bodies_visited=46 expansion_requests=0 continuation_requests=0 counted_tokens=1160
time=2026-08-14T19:23:31.560Z level=INFO msg="post processing completed" event=post_outcome post_id=1efadba source_line=109 status=completed comments=136 bodies_visited=132 expansion_requests=0 continuation_requests=0 counted_tokens=3294
time=2026-08-14T19:23:31.560Z level=INFO msg="post processing completed" event=post_outcome post_id=1gnwuiq source_line=110 status=completed comments=35 bodies_visited=35 expansion_requests=0 continuation_requests=0 counted_tokens=207
time=2026-08-14T19:23:31.560Z level=INFO msg="post processing completed" event=post_outcome post_id=1zzz02x source_line=111 status=skipped comments=0 bodies_visited=0 expansion_requests=0 continuation_requests=0 counted_tokens=0 error_class=not_found operation=comments http_status=404
time=2026-08-14T19:23:31.560Z level=INFO msg="post processing completed" event=post_outcome post_id=1kkviy9 source_line=112 status=completed comments=169 bodies_visited=164 expansion_requests=0 continuation_requests=0 counted_tokens=3112
time=2026-08-14T19:23:31.560Z level=INFO msg="post processing completed" event=post_outcome post_id=1c2oiom source_line=113 status=completed comments=41 bodies_visited=41 expansion_requests=0 continuation_requests=0 counted_tokens=220
time=2026-08-14T19:23:31.560Z level=INFO msg="post processing completed" event=post_outcome post_id=1loded4 source_line=114 status=completed comments=19 bodies_visited=19 expansion_requests=0 continuation_requests=0 counted_tokens=179
time=2026-08-14T19:23:31.560Z level=INFO msg="post processing completed" event=post_outcome post_id=1kr89rp source_line=115 status=completed comments=35 bodies_visited=35 expansion_requests=0 continuation_requests=0 counted_tokens=357
time=2026-08-14T19:23:31.560Z level=INFO msg="post processing completed" event=post_outcome post_id=10lezbw source_line=116 status=completed comments=4 bodies_visited=4 expansion_requests=0 continuation_requests=0 counted_tokens=18
time=2026-08-14T19:23:31.560Z level=INFO msg="post processing completed" event=post_outcome post_id=1c4t9t0 source_line=117 status=completed comments=27 bodies_visited=26 expansion_requests=0 continuation_requests=0 counted_tokens=441
time=2026-08-14T19:23:31.560Z level=INFO msg="post processing completed" event=post_outcome post_id=1zzz01x source_line=118 status=skipped comments=0 bodies_visited=0 expansion_requests=0 continuation_requests=0 counted_tokens=0 error_class=not_found operation=comments http_status=404
time=2026-08-14T19:23:31.560Z level=INFO msg="post processing completed" event=post_outcome post_id=1zzz03x source_line=119 status=skipped comments=0 bodies_visited=0 expansion_requests=0 continuation_requests=0 counted_tokens=0 error_class=not_found operation=comments http_status=404
time=2026-08-14T19:23:31.560Z level=INFO msg="post processing completed" event=post_outcome post_id=1fktne8 source_line=120 status=completed comments=11 bodies_visited=11 expansion_requests=0 continuation_requests=0 counted_tokens=28
time=2026-08-14T19:23:31.560Z level=INFO msg="post processing completed" event=post_outcome post_id=1fpf6hk source_line=121 status=completed comments=3 bodies_visited=3 expansion_requests=0 continuation_requests=0 counted_tokens=41
time=2026-08-14T19:23:31.560Z level=INFO msg="post processing completed" event=post_outcome post_id=1het9gg source_line=122 status=completed comments=15 bodies_visited=15 expansion_requests=0 continuation_requests=0 counted_tokens=84
time=2026-08-14T19:23:31.560Z level=INFO msg="post processing completed" event=post_outcome post_id=1kmv765 source_line=123 status=completed comments=17 bodies_visited=17 expansion_requests=0 continuation_requests=0 counted_tokens=495
time=2026-08-14T19:23:31.560Z level=INFO msg="post processing completed" event=post_outcome post_id=1l58ge9 source_line=124 status=completed comments=9 bodies_visited=8 expansion_requests=0 continuation_requests=0 counted_tokens=37
time=2026-08-14T19:23:31.560Z level=INFO msg="post processing completed" event=post_outcome post_id=1l43lfy source_line=125 status=completed comments=48 bodies_visited=47 expansion_requests=0 continuation_requests=0 counted_tokens=1051
time=2026-08-14T19:23:31.560Z level=INFO msg="post processing completed" event=post_outcome post_id=1gckj73 source_line=126 status=completed comments=30 bodies_visited=30 expansion_requests=0 continuation_requests=0 counted_tokens=303
time=2026-08-14T19:23:31.560Z level=INFO msg="post processing completed" event=post_outcome post_id=1btaoe5 source_line=127 status=completed comments=121 bodies_visited=121 expansion_requests=0 continuation_requests=0 counted_tokens=1910
time=2026-08-14T19:23:31.560Z level=INFO msg="post processing completed" event=post_outcome post_id=18a5iwq source_line=128 status=completed comments=21 bodies_visited=16 expansion_requests=0 continuation_requests=0 counted_tokens=449
time=2026-08-14T19:23:31.560Z level=INFO msg="post processing completed" event=post_outcome post_id=1ksthbp source_line=129 status=completed comments=21 bodies_visited=19 expansion_requests=0 continuation_requests=0 counted_tokens=170
time=2026-08-14T19:23:31.560Z level=INFO msg="post processing completed" event=post_outcome post_id=1jjnt1h source_line=130 status=completed comments=9 bodies_visited=9 expansion_requests=0 continuation_requests=0 counted_tokens=58
time=2026-08-14T19:23:31.560Z level=INFO msg="post processing completed" event=post_outcome post_id=1dzxivb source_line=131 status=completed comments=332 bodies_visited=323 expansion_requests=0 continuation_requests=0 counted_tokens=8000
time=2026-08-14T19:23:31.560Z level=INFO msg="post processing completed" event=post_outcome post_id=1aod346 source_line=132 status=completed comments=191 bodies_visited=190 expansion_requests=0 continuation_requests=0 counted_tokens=1750
time=2026-08-14T19:23:31.560Z level=INFO msg="post processing completed" event=post_outcome post_id=1jcli3n source_line=133 status=completed comments=10 bodies_visited=10 expansion_requests=0 continuation_requests=0 counted_tokens=34
time=2026-08-14T19:23:31.560Z level=INFO msg="post processing completed" event=post_outcome post_id=1hg8z5k source_line=134 status=completed comments=34 bodies_visited=34 expansion_requests=0 continuation_requests=0 counted_tokens=488
time=2026-08-14T19:23:31.560Z level=INFO msg="post processing completed" event=post_outcome post_id=1et0ln3 source_line=135 status=completed comments=103 bodies_visited=103 expansion_requests=0 continuation_requests=0 counted_tokens=1595
time=2026-08-14T19:23:31.560Z level=INFO msg="post processing completed" event=post_outcome post_id=18a9168 source_line=136 status=completed comments=18 bodies_visited=18 expansion_requests=0 continuation_requests=0 counted_tokens=122
time=2026-08-14T19:23:31.560Z level=INFO msg="post processing completed" event=post_outcome post_id=1l3715u source_line=137 status=completed comments=27 bodies_visited=27 expansion_requests=0 continuation_requests=0 counted_tokens=370
time=2026-08-14T19:23:31.560Z level=INFO msg="post processing completed" event=post_outcome post_id=1nl6fs3 source_line=138 status=completed comments=36 bodies_visited=34 expansion_requests=0 continuation_requests=0 counted_tokens=600
time=2026-08-14T19:23:31.560Z level=INFO msg="post processing completed" event=post_outcome post_id=1zzz12x source_line=139 status=skipped comments=0 bodies_visited=0 expansion_requests=0 continuation_requests=0 counted_tokens=0 error_class=not_found operation=comments http_status=404
time=2026-08-14T19:23:31.560Z level=INFO msg="post processing completed" event=post_outcome post_id=1naxweu source_line=140 status=completed comments=17 bodies_visited=16 expansion_requests=0 continuation_requests=0 counted_tokens=132
time=2026-08-14T19:23:31.560Z level=INFO msg="post processing completed" event=post_outcome post_id=11ix707 source_line=141 status=completed comments=32 bodies_visited=31 expansion_requests=0 continuation_requests=0 counted_tokens=262
time=2026-08-14T19:23:31.560Z level=INFO msg="post processing completed" event=post_outcome post_id=1eyj8vz source_line=142 status=completed comments=59 bodies_visited=59 expansion_requests=0 continuation_requests=0 counted_tokens=1153
time=2026-08-14T19:23:31.560Z level=INFO msg="post processing completed" event=post_outcome post_id=1gk8saq source_line=143 status=completed comments=24 bodies_visited=24 expansion_requests=0 continuation_requests=0 counted_tokens=120
time=2026-08-14T19:23:31.560Z level=INFO msg="post processing completed" event=post_outcome post_id=188mnhk source_line=144 status=completed comments=29 bodies_visited=29 expansion_requests=0 continuation_requests=0 counted_tokens=155
time=2026-08-14T19:23:31.560Z level=INFO msg="post processing completed" event=post_outcome post_id=1bl8eia source_line=145 status=completed comments=172 bodies_visited=161 expansion_requests=0 continuation_requests=3 counted_tokens=4099
time=2026-08-14T19:23:31.560Z level=INFO msg="post processing completed" event=post_outcome post_id=1jf5hzd source_line=146 status=completed comments=62 bodies_visited=62 expansion_requests=0 continuation_requests=0 counted_tokens=568
time=2026-08-14T19:23:31.560Z level=INFO msg="post processing completed" event=post_outcome post_id=1iug1z2 source_line=147 status=completed comments=111 bodies_visited=111 expansion_requests=0 continuation_requests=0 counted_tokens=1609
time=2026-08-14T19:23:31.560Z level=INFO msg="post processing completed" event=post_outcome post_id=1l6d0bm source_line=148 status=completed comments=51 bodies_visited=51 expansion_requests=0 continuation_requests=0 counted_tokens=1316
time=2026-08-14T19:23:31.561Z level=INFO msg="post processing completed" event=post_outcome post_id=1zzz04x source_line=149 status=skipped comments=0 bodies_visited=0 expansion_requests=0 continuation_requests=0 counted_tokens=0 error_class=not_found operation=comments http_status=404
time=2026-08-14T19:23:31.561Z level=INFO msg="post processing completed" event=post_outcome post_id=1zzz08x source_line=150 status=skipped comments=0 bodies_visited=0 expansion_requests=0 continuation_requests=0 counted_tokens=0 error_class=not_found operation=comments http_status=404
time=2026-08-14T19:23:31.561Z level=INFO msg="post processing completed" event=post_outcome post_id=1lxepo2 source_line=151 status=completed comments=31 bodies_visited=31 expansion_requests=0 continuation_requests=0 counted_tokens=284
time=2026-08-14T19:23:31.561Z level=INFO msg="post processing completed" event=post_outcome post_id=134kh2n source_line=152 status=completed comments=19 bodies_visited=19 expansion_requests=0 continuation_requests=0 counted_tokens=159
time=2026-08-14T19:23:31.561Z level=INFO msg="post processing completed" event=post_outcome post_id=1j55pfh source_line=153 status=completed comments=47 bodies_visited=45 expansion_requests=0 continuation_requests=1 counted_tokens=715
time=2026-08-14T19:23:31.561Z level=INFO msg="post processing completed" event=post_outcome post_id=1jmy1z9 source_line=154 status=completed comments=79 bodies_visited=78 expansion_requests=0 continuation_requests=0 counted_tokens=1063
time=2026-08-14T19:23:31.561Z level=INFO msg="post processing completed" event=post_outcome post_id=1035q0m source_line=155 status=completed comments=7 bodies_visited=7 expansion_requests=0 continuation_requests=0 counted_tokens=41
time=2026-08-14T19:23:31.561Z level=INFO msg="post processing completed" event=post_outcome post_id=12vid0y source_line=156 status=completed comments=45 bodies_visited=42 expansion_requests=0 continuation_requests=0 counted_tokens=526
time=2026-08-14T19:23:31.561Z level=INFO msg="post processing completed" event=post_outcome post_id=1jvbcib source_line=157 status=completed comments=17 bodies_visited=17 expansion_requests=0 continuation_requests=0 counted_tokens=153
time=2026-08-14T19:23:31.561Z level=INFO msg="post processing completed" event=post_outcome post_id=1d94h2r source_line=158 status=completed comments=117 bodies_visited=117 expansion_requests=0 continuation_requests=0 counted_tokens=1291
time=2026-08-14T19:23:31.561Z level=INFO msg="post processing completed" event=post_outcome post_id=1lkc2en source_line=159 status=completed comments=20 bodies_visited=20 expansion_requests=0 continuation_requests=0 counted_tokens=246
time=2026-08-14T19:23:31.561Z level=INFO msg="post processing completed" event=post_outcome post_id=1kqmnx5 source_line=160 status=completed comments=18 bodies_visited=18 expansion_requests=0 continuation_requests=0 counted_tokens=515
time=2026-08-14T19:23:31.561Z level=INFO msg="post processing completed" event=post_outcome post_id=1hwncbe source_line=161 status=completed comments=22 bodies_visited=22 expansion_requests=0 continuation_requests=0 counted_tokens=143
time=2026-08-14T19:23:31.561Z level=INFO msg="post processing completed" event=post_outcome post_id=1fw7adr source_line=162 status=completed comments=18 bodies_visited=18 expansion_requests=0 continuation_requests=0 counted_tokens=274
time=2026-08-14T19:23:31.561Z level=INFO msg="post processing completed" event=post_outcome post_id=1ko5736 source_line=163 status=completed comments=249 bodies_visited=247 expansion_requests=0 continuation_requests=1 counted_tokens=7118
time=2026-08-14T19:23:31.561Z level=INFO msg="post processing completed" event=post_outcome post_id=1k78b4b source_line=164 status=completed comments=31 bodies_visited=31 expansion_requests=0 continuation_requests=0 counted_tokens=533
time=2026-08-14T19:23:31.561Z level=INFO msg="post processing completed" event=post_outcome post_id=1ncx7ad source_line=165 status=completed comments=28 bodies_visited=28 expansion_requests=0 continuation_requests=0 counted_tokens=196
time=2026-08-14T19:23:31.561Z level=INFO msg="post processing completed" event=post_outcome post_id=1i4xevb source_line=166 status=completed comments=8 bodies_visited=8 expansion_requests=0 continuation_requests=0 counted_tokens=83
time=2026-08-14T19:23:31.561Z level=INFO msg="post processing completed" event=post_outcome post_id=1jmrq3g source_line=167 status=completed comments=111 bodies_visited=109 expansion_requests=0 continuation_requests=0 counted_tokens=1620
time=2026-08-14T19:23:31.561Z level=INFO msg="post processing completed" event=post_outcome post_id=1kk2yb2 source_line=168 status=completed comments=27 bodies_visited=27 expansion_requests=0 continuation_requests=0 counted_tokens=1439
time=2026-08-14T19:23:31.561Z level=INFO msg="post processing completed" event=post_outcome post_id=1abn66u source_line=169 status=completed comments=106 bodies_visited=102 expansion_requests=0 continuation_requests=0 counted_tokens=1567
time=2026-08-14T19:23:31.561Z level=INFO msg="post processing completed" event=post_outcome post_id=1zzz06x source_line=170 status=skipped comments=0 bodies_visited=0 expansion_requests=0 continuation_requests=0 counted_tokens=0 error_class=not_found operation=comments http_status=404
time=2026-08-14T19:23:31.561Z level=INFO msg="post processing completed" event=post_outcome post_id=1zzz15x source_line=171 status=skipped comments=0 bodies_visited=0 expansion_requests=0 continuation_requests=0 counted_tokens=0 error_class=not_found operation=comments http_status=404
time=2026-08-14T19:23:31.561Z level=INFO msg="post processing completed" event=post_outcome post_id=1i18x2k source_line=172 status=completed comments=61 bodies_visited=57 expansion_requests=0 continuation_requests=0 counted_tokens=1479
time=2026-08-14T19:23:31.561Z level=INFO msg="post processing completed" event=post_outcome post_id=1kw56qk source_line=173 status=completed comments=73 bodies_visited=73 expansion_requests=0 continuation_requests=0 counted_tokens=1218
time=2026-08-14T19:23:31.561Z level=INFO msg="post processing completed" event=post_outcome post_id=1jwr0j9 source_line=174 status=completed comments=23 bodies_visited=22 expansion_requests=0 continuation_requests=0 counted_tokens=165
time=2026-08-14T19:23:31.561Z level=INFO msg="post processing completed" event=post_outcome post_id=11hq18h source_line=175 status=completed comments=68 bodies_visited=68 expansion_requests=0 continuation_requests=0 counted_tokens=735
time=2026-08-14T19:23:31.561Z level=INFO msg="post processing completed" event=post_outcome post_id=1kzns0k source_line=176 status=completed comments=22 bodies_visited=22 expansion_requests=0 continuation_requests=0 counted_tokens=204
time=2026-08-14T19:23:31.561Z level=INFO msg="post processing completed" event=post_outcome post_id=18qvzjn source_line=177 status=completed comments=51 bodies_visited=50 expansion_requests=0 continuation_requests=0 counted_tokens=780
time=2026-08-14T19:23:31.561Z level=INFO msg="post processing completed" event=post_outcome post_id=1i79pn9 source_line=178 status=completed comments=41 bodies_visited=41 expansion_requests=0 continuation_requests=0 counted_tokens=364
time=2026-08-14T19:23:31.561Z level=INFO msg="post processing completed" event=post_outcome post_id=1ffb7p5 source_line=179 status=completed comments=17 bodies_visited=17 expansion_requests=0 continuation_requests=0 counted_tokens=114
time=2026-08-14T19:23:31.561Z level=INFO msg="post processing completed" event=post_outcome post_id=1i466h1 source_line=180 status=completed comments=25 bodies_visited=25 expansion_requests=0 continuation_requests=0 counted_tokens=316
time=2026-08-14T19:23:31.561Z level=INFO msg="post processing completed" event=post_outcome post_id=1zzz17x source_line=181 status=skipped comments=0 bodies_visited=0 expansion_requests=0 continuation_requests=0 counted_tokens=0 error_class=not_found operation=comments http_status=404
time=2026-08-14T19:23:31.561Z level=INFO msg="post processing completed" event=post_outcome post_id=1faql8v source_line=182 status=completed comments=61 bodies_visited=60 expansion_requests=0 continuation_requests=0 counted_tokens=919
time=2026-08-14T19:23:31.561Z level=INFO msg="post processing completed" event=post_outcome post_id=1kqe05h source_line=183 status=completed comments=26 bodies_visited=26 expansion_requests=0 continuation_requests=0 counted_tokens=394
time=2026-08-14T19:23:31.561Z level=INFO msg="post processing completed" event=post_outcome post_id=1i2fc3f source_line=184 status=completed comments=34 bodies_visited=34 expansion_requests=0 continuation_requests=0 counted_tokens=293
time=2026-08-14T19:23:31.561Z level=INFO msg="post processing completed" event=post_outcome post_id=1ba3o5a source_line=185 status=completed comments=47 bodies_visited=47 expansion_requests=0 continuation_requests=0 counted_tokens=612
time=2026-08-14T19:23:31.561Z level=INFO msg="post processing completed" event=post_outcome post_id=1h6qi6n source_line=186 status=completed comments=47 bodies_visited=46 expansion_requests=0 continuation_requests=0 counted_tokens=616
time=2026-08-14T19:23:31.561Z level=INFO msg="post processing completed" event=post_outcome post_id=1g64j1k source_line=187 status=completed comments=31 bodies_visited=30 expansion_requests=0 continuation_requests=0 counted_tokens=551
time=2026-08-14T19:23:31.561Z level=INFO msg="post processing completed" event=post_outcome post_id=1kvwkv1 source_line=188 status=completed comments=33 bodies_visited=33 expansion_requests=0 continuation_requests=0 counted_tokens=442
time=2026-08-14T19:23:31.561Z level=INFO msg="post processing completed" event=post_outcome post_id=1klq2h1 source_line=189 status=completed comments=79 bodies_visited=78 expansion_requests=0 continuation_requests=0 counted_tokens=1120
time=2026-08-14T19:23:31.561Z level=INFO msg="post processing completed" event=post_outcome post_id=1gticae source_line=190 status=completed comments=28 bodies_visited=28 expansion_requests=0 continuation_requests=0 counted_tokens=161
time=2026-08-14T19:23:31.561Z level=INFO msg="post processing completed" event=post_outcome post_id=1kakt8i source_line=191 status=completed comments=8 bodies_visited=8 expansion_requests=0 continuation_requests=0 counted_tokens=47
time=2026-08-14T19:23:31.561Z level=INFO msg="post processing completed" event=post_outcome post_id=1zzz18x source_line=192 status=skipped comments=0 bodies_visited=0 expansion_requests=0 continuation_requests=0 counted_tokens=0 error_class=not_found operation=comments http_status=404
time=2026-08-14T19:23:31.561Z level=INFO msg="post processing completed" event=post_outcome post_id=1n5eojd source_line=193 status=completed comments=103 bodies_visited=102 expansion_requests=0 continuation_requests=0 counted_tokens=1520
time=2026-08-14T19:23:31.561Z level=INFO msg="post processing completed" event=post_outcome post_id=1fsuvii source_line=194 status=completed comments=15 bodies_visited=15 expansion_requests=0 continuation_requests=0 counted_tokens=117
time=2026-08-14T19:23:31.561Z level=INFO msg="post processing completed" event=post_outcome post_id=1bcy7fv source_line=195 status=completed comments=48 bodies_visited=48 expansion_requests=0 continuation_requests=0 counted_tokens=354
time=2026-08-14T19:23:31.561Z level=INFO msg="post processing completed" event=post_outcome post_id=1zzz05x source_line=196 status=skipped comments=0 bodies_visited=0 expansion_requests=0 continuation_requests=0 counted_tokens=0 error_class=not_found operation=comments http_status=404
time=2026-08-14T19:23:31.561Z level=INFO msg="post processing completed" event=post_outcome post_id=1f96gvf source_line=197 status=completed comments=69 bodies_visited=69 expansion_requests=0 continuation_requests=0 counted_tokens=660
time=2026-08-14T19:23:31.561Z level=INFO msg="post processing completed" event=post_outcome post_id=1kumuct source_line=198 status=completed comments=50 bodies_visited=50 expansion_requests=0 continuation_requests=0 counted_tokens=595
time=2026-08-14T19:23:31.561Z level=INFO msg="post processing completed" event=post_outcome post_id=1kqpnvh source_line=199 status=completed comments=50 bodies_visited=49 expansion_requests=0 continuation_requests=0 counted_tokens=778
time=2026-08-14T19:23:31.561Z level=INFO msg="post processing completed" event=post_outcome post_id=1g8n91q source_line=200 status=completed comments=43 bodies_visited=43 expansion_requests=0 continuation_requests=0 counted_tokens=482
time=2026-08-14T19:23:31.561Z level=INFO msg="processing summary" event=run_summary terminal_status=partial partial=true failure_mode=best-effort workers=4 input_profile=assignment-default-v1 filter_count=0 duration=23m6.948567s posts_total=200 posts_completed=179 posts_skipped=20 posts_failed=0 posts_incomplete=1 comments=8721 bodies_visited=8593 expansion_requests=6 continuation_requests=8 counted_tokens=142214 distinct_words=9785 dictionary_words=415699 source_retries=0 reddit_http_attempts=218 reddit_retries=3 throttle_waits=459 throttle_wait=26m29.210412498s posts_sha256=08d769c5d8e63bfadfbf9e9e25b92c246129f13ecc8de329960ee4894d7c45c4 post_ids_sha256=782996efb5c53a7eef2277491c145b79c78b89c14799f1b6f281cc9f410aa22e dictionary_sha256=39a4ead879cc8283de87f2ec58e7b4b340d6caa724db1b52a91dccf2f273c5e7 access_profile=old-reddit-browser-session-json-v1 reddit_origin=old.reddit.com reddit_method=GET reddit_auth=browser-session ua_source=override ua_sha256=dc0402b6bd1e97f986b003f0830c79d8eaba098b7e60f0baa12d03cc50798593 app_version=dev app_commit=unknown app_build_date=unknown go_version=go1.26.6 goos=darwin goarch=arm64
time=2026-08-14T19:23:31.562Z level=INFO msg="result written" event=output_written partial=true result_words=10 result_sha256=62f6a4bd96b995be7c1f575439a7cc0358faaf456eaee4b80b46043fecc064a9
duckwords: processing completed with a partial result
exit status 3
