time=2026-08-14T18:24:33.856Z level=INFO msg="run started" event=run_started workers=8 failure_mode=best-effort input_profile=assignment-default-v1 filter_count=1 rate_limit_rps=1.25 request_timeout=20s global_timeout=30m0s max_retries=3 retry_budget=45s source_max_retries=2 source_retry_budget=15s max_distinct_words_per_post=50000 max_in_flight_response_bytes=33554432 max_retained_things=500000 access_profile=old-reddit-browser-session-json-v1 reddit_origin=old.reddit.com reddit_method=GET reddit_auth=browser-session ua_source=override ua_sha256=dc0402b6bd1e97f986b003f0830c79d8eaba098b7e60f0baa12d03cc50798593 app_version=dev app_commit=unknown app_build_date=unknown go_version=go1.26.6 goos=darwin goarch=arm64
time=2026-08-14T18:24:34.106Z level=INFO msg="source loaded" event=source_loaded source_kind=posts source_mode=https source_origin=gist.githubusercontent.com source_bytes=16098 source_sha256=08d769c5d8e63bfadfbf9e9e25b92c246129f13ecc8de329960ee4894d7c45c4
time=2026-08-14T18:24:34.106Z level=INFO msg="source parsed" event=source_parsed source_kind=posts stage=parsed entries=200 source_sha256=08d769c5d8e63bfadfbf9e9e25b92c246129f13ecc8de329960ee4894d7c45c4 posts_sha256=782996efb5c53a7eef2277491c145b79c78b89c14799f1b6f281cc9f410aa22e
time=2026-08-14T18:24:34.679Z level=INFO msg="source loaded" event=source_loaded source_kind=dictionary source_mode=https source_origin=raw.githubusercontent.com source_bytes=4862985 source_sha256=39a4ead879cc8283de87f2ec58e7b4b340d6caa724db1b52a91dccf2f273c5e7
time=2026-08-14T18:24:34.769Z level=INFO msg="source parsed" event=source_parsed source_kind=dictionary stage=parsed entries=415699 source_sha256=39a4ead879cc8283de87f2ec58e7b4b340d6caa724db1b52a91dccf2f273c5e7
time=2026-08-14T18:24:35.058Z level=INFO msg="HTTP attempt completed" event=http_attempt scope=reddit operation=comments post_id=1zzz13x attempt=1 result=failure http_status=404 duration=289.477833ms error_class=not_found
time=2026-08-14T18:24:38.711Z level=INFO msg="HTTP attempt completed" event=http_attempt scope=reddit operation=comments post_id=1foal72 attempt=1 result=success http_status=200 duration=335.9915ms
time=2026-08-14T18:24:42.741Z level=INFO msg="HTTP attempt completed" event=http_attempt scope=reddit operation=comments post_id=1hegc8m attempt=1 result=success http_status=200 duration=713.386708ms
time=2026-08-14T18:24:47.053Z level=INFO msg="HTTP attempt completed" event=http_attempt scope=reddit operation=comments post_id=1hm5cxl attempt=1 result=success http_status=200 duration=993.861459ms
time=2026-08-14T18:24:51.266Z level=INFO msg="HTTP attempt completed" event=http_attempt scope=reddit operation=comments post_id=18blp0w attempt=1 result=success http_status=200 duration=896.23775ms
time=2026-08-14T18:24:55.835Z level=INFO msg="HTTP attempt completed" event=http_attempt scope=reddit operation=comments post_id=1kx00un attempt=1 result=success http_status=200 duration=1.251040125s
time=2026-08-14T18:24:59.554Z level=INFO msg="HTTP attempt completed" event=http_attempt scope=reddit operation=comments post_id=1k32joq attempt=1 result=success http_status=200 duration=396.150958ms
time=2026-08-14T18:25:03.330Z level=INFO msg="HTTP attempt completed" event=http_attempt scope=reddit operation=comments post_id=1g1w2rg attempt=1 result=success http_status=200 duration=458.460125ms
time=2026-08-14T18:25:06.977Z level=INFO msg="HTTP attempt completed" event=http_attempt scope=reddit operation=comments post_id=18p92e0 attempt=1 result=success http_status=200 duration=329.218166ms
time=2026-08-14T18:25:10.767Z level=INFO msg="HTTP attempt completed" event=http_attempt scope=reddit operation=comments post_id=1hx1slo attempt=1 result=success http_status=200 duration=473.149ms
time=2026-08-14T18:25:14.292Z level=INFO msg="HTTP attempt completed" event=http_attempt scope=reddit operation=comments post_id=1zzz07x attempt=1 result=failure http_status=404 duration=207.399458ms error_class=not_found
time=2026-08-14T18:25:17.944Z level=INFO msg="HTTP attempt completed" event=http_attempt scope=reddit operation=comments post_id=1g85in7 attempt=1 result=success http_status=200 duration=334.162417ms
time=2026-08-14T18:25:21.532Z level=INFO msg="HTTP attempt completed" event=http_attempt scope=reddit operation=comments post_id=1kgavsj attempt=1 result=success http_status=200 duration=271.176708ms
time=2026-08-14T18:25:25.280Z level=INFO msg="HTTP attempt completed" event=http_attempt scope=reddit operation=comments post_id=1jym8mi attempt=1 result=success http_status=200 duration=429.968458ms
time=2026-08-14T18:25:29.055Z level=INFO msg="HTTP attempt completed" event=http_attempt scope=reddit operation=comments post_id=12jrffl attempt=1 result=success http_status=200 duration=457.948625ms
time=2026-08-14T18:25:32.695Z level=INFO msg="HTTP attempt completed" event=http_attempt scope=reddit operation=comments post_id=1ftz7zf attempt=1 result=success http_status=200 duration=322.242416ms
time=2026-08-14T18:25:36.381Z level=INFO msg="HTTP attempt completed" event=http_attempt scope=reddit operation=comments post_id=1kw3xds attempt=1 result=success http_status=200 duration=369.654542ms
time=2026-08-14T18:25:40.114Z level=INFO msg="HTTP attempt completed" event=http_attempt scope=reddit operation=comments post_id=1htxcpe attempt=1 result=success http_status=200 duration=415.6385ms
time=2026-08-14T18:25:43.892Z level=INFO msg="HTTP attempt completed" event=http_attempt scope=reddit operation=comments post_id=1kboruv attempt=1 result=success http_status=200 duration=460.933375ms
time=2026-08-14T18:25:47.481Z level=INFO msg="HTTP attempt completed" event=http_attempt scope=reddit operation=comments post_id=1knjdh4 attempt=1 result=success http_status=200 duration=271.02425ms
time=2026-08-14T18:25:51.179Z level=INFO msg="HTTP attempt completed" event=http_attempt scope=reddit operation=comments post_id=1nvh02s attempt=1 result=success http_status=200 duration=379.82175ms
time=2026-08-14T18:25:55.058Z level=INFO msg="HTTP attempt completed" event=http_attempt scope=reddit operation=comments post_id=1moxo3v attempt=1 result=success http_status=200 duration=562.000958ms
time=2026-08-14T18:25:58.829Z level=INFO msg="HTTP attempt completed" event=http_attempt scope=reddit operation=comments post_id=1lxwi5o attempt=1 result=success http_status=200 duration=452.564417ms
time=2026-08-14T18:26:02.563Z level=INFO msg="HTTP attempt completed" event=http_attempt scope=reddit operation=comments post_id=1myivee attempt=1 result=success http_status=200 duration=416.365542ms
time=2026-08-14T18:26:06.248Z level=INFO msg="HTTP attempt completed" event=http_attempt scope=reddit operation=comments post_id=1ma5p98 attempt=1 result=success http_status=200 duration=367.645042ms
time=2026-08-14T18:26:10.157Z level=INFO msg="HTTP attempt completed" event=http_attempt scope=reddit operation=comments post_id=1jz2hfv attempt=1 result=success http_status=200 duration=591.280459ms
time=2026-08-14T18:26:13.952Z level=INFO msg="HTTP attempt completed" event=http_attempt scope=reddit operation=comments post_id=1n709xo attempt=1 result=success http_status=200 duration=477.617625ms
time=2026-08-14T18:26:18.212Z level=INFO msg="HTTP attempt completed" event=http_attempt scope=reddit operation=comments post_id=1h8ue30 attempt=1 result=success http_status=200 duration=941.925375ms
time=2026-08-14T18:26:21.813Z level=INFO msg="HTTP attempt completed" event=http_attempt scope=reddit operation=comments post_id=1ko7t3a attempt=1 result=success http_status=200 duration=284.3435ms
time=2026-08-14T18:26:25.601Z level=INFO msg="HTTP attempt completed" event=http_attempt scope=reddit operation=comments post_id=1gpt7nj attempt=1 result=success http_status=200 duration=470.000291ms
time=2026-08-14T18:26:29.260Z level=INFO msg="HTTP attempt completed" event=http_attempt scope=reddit operation=comments post_id=17p36e9 attempt=1 result=success http_status=200 duration=341.947875ms
time=2026-08-14T18:26:32.982Z level=INFO msg="HTTP attempt completed" event=http_attempt scope=reddit operation=comments post_id=1l9q1rx attempt=1 result=success http_status=200 duration=404.003834ms
time=2026-08-14T18:26:36.809Z level=INFO msg="HTTP attempt completed" event=http_attempt scope=reddit operation=comments post_id=1hsta1l attempt=1 result=success http_status=200 duration=510.145209ms
time=2026-08-14T18:26:40.862Z level=INFO msg="HTTP attempt completed" event=http_attempt scope=reddit operation=comments post_id=1k4eqyt attempt=1 result=success http_status=200 duration=735.500084ms
time=2026-08-14T18:26:44.654Z level=INFO msg="HTTP attempt completed" event=http_attempt scope=reddit operation=comments post_id=1g04rk7 attempt=1 result=success http_status=200 duration=474.552375ms
time=2026-08-14T18:26:48.407Z level=INFO msg="HTTP attempt completed" event=http_attempt scope=reddit operation=comments post_id=1mhzlv2 attempt=1 result=success http_status=200 duration=435.413417ms
time=2026-08-14T18:26:52.203Z level=INFO msg="HTTP attempt completed" event=http_attempt scope=reddit operation=comments post_id=176axim attempt=1 result=success http_status=200 duration=477.951875ms
time=2026-08-14T18:26:56.135Z level=INFO msg="HTTP attempt completed" event=http_attempt scope=reddit operation=comments post_id=1eegiye attempt=1 result=success http_status=200 duration=615.127666ms
time=2026-08-14T18:26:59.827Z level=INFO msg="HTTP attempt completed" event=http_attempt scope=reddit operation=comments post_id=1l26cik attempt=1 result=success http_status=200 duration=373.827958ms
time=2026-08-14T18:27:03.492Z level=INFO msg="HTTP attempt completed" event=http_attempt scope=reddit operation=comments post_id=1ln0vhu attempt=1 result=success http_status=200 duration=347.465916ms
time=2026-08-14T18:27:07.249Z level=INFO msg="HTTP attempt completed" event=http_attempt scope=reddit operation=comments post_id=1eglvno attempt=1 result=success http_status=200 duration=439.232917ms
time=2026-08-14T18:27:11.500Z level=INFO msg="HTTP attempt completed" event=http_attempt scope=reddit operation=comments post_id=1zzz16x attempt=1 result=failure http_status=404 duration=933.980709ms error_class=not_found
time=2026-08-14T18:27:15.234Z level=INFO msg="HTTP attempt completed" event=http_attempt scope=reddit operation=comments post_id=1nzaema attempt=1 result=success http_status=200 duration=416.241959ms
time=2026-08-14T18:27:18.941Z level=INFO msg="HTTP attempt completed" event=http_attempt scope=reddit operation=comments post_id=1kzczxr attempt=1 result=success http_status=200 duration=387.941209ms
time=2026-08-14T18:27:22.583Z level=INFO msg="HTTP attempt completed" event=http_attempt scope=reddit operation=comments post_id=1leho7y attempt=1 result=success http_status=200 duration=324.58525ms
time=2026-08-14T18:27:26.308Z level=INFO msg="HTTP attempt completed" event=http_attempt scope=reddit operation=comments post_id=11tq55f attempt=1 result=success http_status=200 duration=407.626542ms
time=2026-08-14T18:27:29.992Z level=INFO msg="HTTP attempt completed" event=http_attempt scope=reddit operation=comments post_id=1k9ao8a attempt=1 result=success http_status=200 duration=366.886083ms
time=2026-08-14T18:27:34.363Z level=INFO msg="HTTP attempt completed" event=http_attempt scope=reddit operation=comments post_id=1kpuxz0 attempt=1 result=success http_status=200 duration=1.052811917s
time=2026-08-14T18:27:38.203Z level=INFO msg="HTTP attempt completed" event=http_attempt scope=reddit operation=comments post_id=1b3lm6y attempt=1 result=success http_status=200 duration=522.660083ms
time=2026-08-14T18:27:41.966Z level=INFO msg="HTTP attempt completed" event=http_attempt scope=reddit operation=comments post_id=1nz384p attempt=1 result=success http_status=200 duration=445.545291ms
time=2026-08-14T18:27:45.509Z level=INFO msg="HTTP attempt completed" event=http_attempt scope=reddit operation=comments post_id=1zzz10x attempt=1 result=failure http_status=404 duration=225.290375ms error_class=not_found
time=2026-08-14T18:27:49.091Z level=INFO msg="HTTP attempt completed" event=http_attempt scope=reddit operation=comments post_id=102d29i attempt=1 result=success http_status=200 duration=264.389084ms
time=2026-08-14T18:27:52.845Z level=INFO msg="HTTP attempt completed" event=http_attempt scope=reddit operation=comments post_id=1gokxxa attempt=1 result=success http_status=200 duration=436.60475ms
time=2026-08-14T18:27:56.515Z level=INFO msg="HTTP attempt completed" event=http_attempt scope=reddit operation=comments post_id=1iiqz23 attempt=1 result=success http_status=200 duration=352.466667ms
time=2026-08-14T18:28:00.153Z level=INFO msg="HTTP attempt completed" event=http_attempt scope=reddit operation=comments post_id=17iy3et attempt=1 result=success http_status=200 duration=319.491083ms
time=2026-08-14T18:28:03.690Z level=INFO msg="HTTP attempt completed" event=http_attempt scope=reddit operation=comments post_id=1zzz09x attempt=1 result=failure http_status=404 duration=219.239375ms error_class=not_found
time=2026-08-14T18:28:07.361Z level=INFO msg="HTTP attempt completed" event=http_attempt scope=reddit operation=comments post_id=1hyc2vf attempt=1 result=success http_status=200 duration=353.702ms
time=2026-08-14T18:28:11.012Z level=INFO msg="HTTP attempt completed" event=http_attempt scope=reddit operation=comments post_id=1lglf7s attempt=1 result=success http_status=200 duration=333.060792ms
time=2026-08-14T18:28:14.979Z level=INFO msg="HTTP attempt completed" event=http_attempt scope=reddit operation=comments post_id=1kulho7 attempt=1 result=success http_status=200 duration=649.908375ms
time=2026-08-14T18:28:18.754Z level=INFO msg="HTTP attempt completed" event=http_attempt scope=reddit operation=comments post_id=1nh9a8c attempt=1 result=success http_status=200 duration=457.361916ms
time=2026-08-14T18:28:22.291Z level=INFO msg="HTTP attempt completed" event=http_attempt scope=reddit operation=comments post_id=1zzz19x attempt=1 result=failure http_status=404 duration=219.928625ms error_class=not_found
time=2026-08-14T18:28:26.038Z level=INFO msg="HTTP attempt completed" event=http_attempt scope=reddit operation=comments post_id=185zfr2 attempt=1 result=success http_status=200 duration=429.1315ms
time=2026-08-14T18:28:29.823Z level=INFO msg="HTTP attempt completed" event=http_attempt scope=reddit operation=comments post_id=1jqgbhw attempt=1 result=success http_status=200 duration=468.615209ms
time=2026-08-14T18:28:33.501Z level=INFO msg="HTTP attempt completed" event=http_attempt scope=reddit operation=comments post_id=1l8k6g6 attempt=1 result=success http_status=200 duration=359.757ms
time=2026-08-14T18:28:37.169Z level=INFO msg="HTTP attempt completed" event=http_attempt scope=reddit operation=comments post_id=1fftze8 attempt=1 result=success http_status=200 duration=351.106458ms
time=2026-08-14T18:28:40.827Z level=INFO msg="HTTP attempt completed" event=http_attempt scope=reddit operation=comments post_id=1gxulx1 attempt=1 result=success http_status=200 duration=339.871542ms
time=2026-08-14T18:28:45.198Z level=INFO msg="HTTP attempt completed" event=http_attempt scope=reddit operation=comments post_id=1hqxclf attempt=1 result=success http_status=200 duration=1.053887875s
time=2026-08-14T18:28:48.741Z level=INFO msg="HTTP attempt completed" event=http_attempt scope=reddit operation=comments post_id=1zzz11x attempt=1 result=failure http_status=404 duration=225.442958ms error_class=not_found
time=2026-08-14T18:28:52.410Z level=INFO msg="HTTP attempt completed" event=http_attempt scope=reddit operation=comments post_id=1877z3u attempt=1 result=success http_status=200 duration=351.143542ms
time=2026-08-14T18:28:56.071Z level=INFO msg="HTTP attempt completed" event=http_attempt scope=reddit operation=comments post_id=1gt2bu3 attempt=1 result=success http_status=200 duration=343.271041ms
time=2026-08-14T18:28:59.756Z level=INFO msg="HTTP attempt completed" event=http_attempt scope=reddit operation=comments post_id=17fd2sp attempt=1 result=success http_status=200 duration=366.989875ms
time=2026-08-14T18:29:03.839Z level=INFO msg="HTTP attempt completed" event=http_attempt scope=reddit operation=comments post_id=1ae4ibd attempt=1 result=success http_status=200 duration=766.696042ms
time=2026-08-14T18:29:07.513Z level=INFO msg="HTTP attempt completed" event=http_attempt scope=reddit operation=comments post_id=1kogpj8 attempt=1 result=success http_status=200 duration=356.195208ms
time=2026-08-14T18:29:11.284Z level=INFO msg="HTTP attempt completed" event=http_attempt scope=reddit operation=comments post_id=1hv0j0c attempt=1 result=success http_status=200 duration=453.11ms
time=2026-08-14T18:29:14.830Z level=INFO msg="HTTP attempt completed" event=http_attempt scope=reddit operation=comments post_id=1zzz20x attempt=1 result=failure http_status=404 duration=227.510833ms error_class=not_found
time=2026-08-14T18:29:18.974Z level=INFO msg="HTTP attempt completed" event=http_attempt scope=reddit operation=comments post_id=1c8lq7w attempt=1 result=success http_status=200 duration=825.231875ms
time=2026-08-14T18:29:22.734Z level=INFO msg="HTTP attempt completed" event=http_attempt scope=reddit operation=comments post_id=1ktto6u attempt=1 result=success http_status=200 duration=442.3625ms
time=2026-08-14T18:29:26.347Z level=INFO msg="HTTP attempt completed" event=http_attempt scope=reddit operation=comments post_id=1l49nbq attempt=1 result=success http_status=200 duration=294.241458ms
time=2026-08-14T18:29:30.372Z level=INFO msg="HTTP attempt completed" event=http_attempt scope=reddit operation=comments post_id=18gfvqs attempt=1 result=success http_status=200 duration=706.851708ms
time=2026-08-14T18:29:34.037Z level=INFO msg="HTTP attempt completed" event=http_attempt scope=reddit operation=comments post_id=1laihh2 attempt=1 result=success http_status=200 duration=346.542208ms
time=2026-08-14T18:29:37.943Z level=INFO msg="HTTP attempt completed" event=http_attempt scope=reddit operation=comments post_id=1iyts2g attempt=1 result=success http_status=200 duration=586.9155ms
time=2026-08-14T18:29:41.626Z level=INFO msg="HTTP attempt completed" event=http_attempt scope=reddit operation=comments post_id=1l92uza attempt=1 result=success http_status=200 duration=365.794792ms
time=2026-08-14T18:29:45.313Z level=INFO msg="HTTP attempt completed" event=http_attempt scope=reddit operation=comments post_id=1mmlj2j attempt=1 result=success http_status=200 duration=368.865458ms
time=2026-08-14T18:29:48.932Z level=INFO msg="HTTP attempt completed" event=http_attempt scope=reddit operation=comments post_id=1ilica0 attempt=1 result=success http_status=200 duration=301.041041ms
time=2026-08-14T18:29:52.543Z level=INFO msg="HTTP attempt completed" event=http_attempt scope=reddit operation=comments post_id=1fxue2x attempt=1 result=success http_status=200 duration=594.637958ms
time=2026-08-14T18:29:55.553Z level=INFO msg="HTTP attempt completed" event=http_attempt scope=reddit operation=comments post_id=1lqvujo attempt=1 result=success http_status=200 duration=286.74575ms
time=2026-08-14T18:29:58.904Z level=INFO msg="HTTP attempt completed" event=http_attempt scope=reddit operation=continuation post_id=18gfvqs attempt=1 result=success http_status=200 duration=320.287417ms
time=2026-08-14T18:30:02.218Z level=INFO msg="HTTP attempt completed" event=http_attempt scope=reddit operation=comments post_id=1lm3ymf attempt=1 result=success http_status=200 duration=316.58875ms
time=2026-08-14T18:30:09.439Z level=INFO msg="HTTP attempt completed" event=http_attempt scope=reddit operation=comments post_id=1nhuz17 attempt=1 result=success http_status=200 duration=1.179815042s
time=2026-08-14T18:30:15.841Z level=INFO msg="HTTP attempt completed" event=http_attempt scope=reddit operation=comments post_id=1hx3sm6 attempt=1 result=success http_status=200 duration=360.373708ms
time=2026-08-14T18:30:22.107Z level=INFO msg="HTTP attempt completed" event=http_attempt scope=reddit operation=comments post_id=1zzz14x attempt=1 result=failure http_status=404 duration=224.429667ms error_class=not_found
time=2026-08-14T18:30:28.575Z level=INFO msg="HTTP attempt completed" event=http_attempt scope=reddit operation=comments post_id=1i2pohw attempt=1 result=success http_status=200 duration=426.541875ms
time=2026-08-14T18:30:35.024Z level=INFO msg="HTTP attempt completed" event=http_attempt scope=reddit operation=comments post_id=1nipbup attempt=1 result=success http_status=200 duration=407.579291ms
time=2026-08-14T18:30:41.385Z level=INFO msg="HTTP attempt completed" event=http_attempt scope=reddit operation=comments post_id=1l73ubj attempt=1 result=success http_status=200 duration=318.9855ms
time=2026-08-14T18:30:48.945Z level=INFO msg="HTTP attempt completed" event=http_attempt scope=reddit operation=comments post_id=1i8voji attempt=1 result=success http_status=200 duration=1.518681s
time=2026-08-14T18:30:55.412Z level=INFO msg="HTTP attempt completed" event=http_attempt scope=reddit operation=comments post_id=1b4tw9i attempt=1 result=success http_status=200 duration=426.237792ms
time=2026-08-14T18:31:01.849Z level=INFO msg="HTTP attempt completed" event=http_attempt scope=reddit operation=comments post_id=1fv6ly8 attempt=1 result=success http_status=200 duration=395.353292ms
time=2026-08-14T18:31:08.312Z level=INFO msg="HTTP attempt completed" event=http_attempt scope=reddit operation=comments post_id=1k4guxq attempt=1 result=success http_status=200 duration=420.606584ms
time=2026-08-14T18:31:15.142Z level=INFO msg="HTTP attempt completed" event=http_attempt scope=reddit operation=comments post_id=1l87qib attempt=1 result=success http_status=200 duration=788.96225ms
time=2026-08-14T18:31:21.781Z level=INFO msg="HTTP attempt completed" event=http_attempt scope=reddit operation=comments post_id=16l1l7p attempt=1 result=success http_status=200 duration=597.36125ms
time=2026-08-14T18:31:28.241Z level=INFO msg="HTTP attempt completed" event=http_attempt scope=reddit operation=comments post_id=1n4bed1 attempt=1 result=success http_status=200 duration=418.265459ms
time=2026-08-14T18:31:34.594Z level=INFO msg="HTTP attempt completed" event=http_attempt scope=reddit operation=comments post_id=14g45pr attempt=1 result=success http_status=200 duration=311.001667ms
time=2026-08-14T18:31:40.958Z level=INFO msg="HTTP attempt completed" event=http_attempt scope=reddit operation=comments post_id=1jt2jy0 attempt=1 result=success http_status=200 duration=322.449959ms
time=2026-08-14T18:31:48.460Z level=INFO msg="HTTP attempt completed" event=http_attempt scope=reddit operation=comments post_id=1hmof39 attempt=1 result=success http_status=200 duration=1.460992584s
time=2026-08-14T18:31:56.021Z level=INFO msg="HTTP attempt completed" event=http_attempt scope=reddit operation=comments post_id=1i629rg attempt=1 result=success http_status=200 duration=1.519508042s
time=2026-08-14T18:32:03.066Z level=INFO msg="HTTP attempt completed" event=http_attempt scope=reddit operation=comments post_id=1krrnl6 attempt=1 result=success http_status=200 duration=1.003448625s
time=2026-08-14T18:32:09.789Z level=INFO msg="HTTP attempt completed" event=http_attempt scope=reddit operation=comments post_id=1fm5z6t attempt=1 result=success http_status=200 duration=681.484ms
time=2026-08-14T18:32:16.102Z level=INFO msg="HTTP attempt completed" event=http_attempt scope=reddit operation=continuation post_id=16l1l7p attempt=1 result=success http_status=200 duration=270.915791ms
time=2026-08-14T18:32:23.482Z level=INFO msg="HTTP attempt completed" event=http_attempt scope=reddit operation=comments post_id=1f45s99 attempt=1 result=success http_status=200 duration=1.337887333s
time=2026-08-14T18:32:30.089Z level=INFO msg="HTTP attempt completed" event=http_attempt scope=reddit operation=comments post_id=1ho6u3g attempt=1 result=success http_status=200 duration=564.92925ms
time=2026-08-14T18:32:37.053Z level=INFO msg="HTTP attempt completed" event=http_attempt scope=reddit operation=comments post_id=1efadba attempt=1 result=success http_status=200 duration=922.572917ms
time=2026-08-14T18:32:43.344Z level=INFO msg="HTTP attempt completed" event=http_attempt scope=reddit operation=continuation post_id=1i629rg attempt=1 result=success http_status=200 duration=250.694167ms
time=2026-08-14T18:32:49.724Z level=INFO msg="HTTP attempt completed" event=http_attempt scope=reddit operation=continuation post_id=1krrnl6 attempt=1 result=success http_status=200 duration=337.687917ms
time=2026-08-14T18:32:56.181Z level=INFO msg="HTTP attempt completed" event=http_attempt scope=reddit operation=comments post_id=1gnwuiq attempt=1 result=success http_status=200 duration=415.107083ms
time=2026-08-14T18:33:02.446Z level=INFO msg="HTTP attempt completed" event=http_attempt scope=reddit operation=comments post_id=1zzz02x attempt=1 result=failure http_status=404 duration=222.990541ms error_class=not_found
time=2026-08-14T18:33:09.459Z level=INFO msg="HTTP attempt completed" event=http_attempt scope=reddit operation=comments post_id=1kkviy9 attempt=1 result=success http_status=200 duration=970.932542ms
time=2026-08-14T18:33:15.940Z level=INFO msg="HTTP attempt completed" event=http_attempt scope=reddit operation=comments post_id=1c2oiom attempt=1 result=success http_status=200 duration=439.873083ms
time=2026-08-14T18:33:22.543Z level=INFO msg="HTTP attempt completed" event=http_attempt scope=reddit operation=comments post_id=1loded4 attempt=1 result=success http_status=200 duration=561.146834ms
time=2026-08-14T18:33:29.020Z level=INFO msg="HTTP attempt completed" event=http_attempt scope=reddit operation=comments post_id=1kr89rp attempt=1 result=success http_status=200 duration=435.1975ms
time=2026-08-14T18:33:35.351Z level=INFO msg="HTTP attempt completed" event=http_attempt scope=reddit operation=comments post_id=10lezbw attempt=1 result=success http_status=200 duration=289.794292ms
time=2026-08-14T18:33:41.790Z level=INFO msg="HTTP attempt completed" event=http_attempt scope=reddit operation=comments post_id=1c4t9t0 attempt=1 result=success http_status=200 duration=397.628875ms
time=2026-08-14T18:33:48.050Z level=INFO msg="HTTP attempt completed" event=http_attempt scope=reddit operation=comments post_id=1zzz01x attempt=1 result=failure http_status=404 duration=217.615208ms error_class=not_found
time=2026-08-14T18:33:54.318Z level=INFO msg="HTTP attempt completed" event=http_attempt scope=reddit operation=comments post_id=1zzz03x attempt=1 result=failure http_status=404 duration=227.131208ms error_class=not_found
time=2026-08-14T18:34:00.669Z level=INFO msg="HTTP attempt completed" event=http_attempt scope=reddit operation=comments post_id=1fktne8 attempt=1 result=success http_status=200 duration=308.622584ms
time=2026-08-14T18:34:06.957Z level=INFO msg="HTTP attempt completed" event=http_attempt scope=reddit operation=comments post_id=1fpf6hk attempt=1 result=success http_status=200 duration=246.60525ms
time=2026-08-14T18:34:13.294Z level=INFO msg="HTTP attempt completed" event=http_attempt scope=reddit operation=comments post_id=1het9gg attempt=1 result=success http_status=200 duration=294.316417ms
time=2026-08-14T18:34:19.683Z level=INFO msg="HTTP attempt completed" event=http_attempt scope=reddit operation=comments post_id=1kmv765 attempt=1 result=success http_status=200 duration=348.262542ms
time=2026-08-14T18:34:26.025Z level=INFO msg="HTTP attempt completed" event=http_attempt scope=reddit operation=comments post_id=1l58ge9 attempt=1 result=success http_status=200 duration=300.849584ms
time=2026-08-14T18:34:32.627Z level=INFO msg="HTTP attempt completed" event=http_attempt scope=reddit operation=comments post_id=1l43lfy attempt=1 result=success http_status=200 duration=560.913791ms
time=2026-08-14T18:34:39.301Z level=INFO msg="HTTP attempt completed" event=http_attempt scope=reddit operation=comments post_id=1gckj73 attempt=1 result=success http_status=200 duration=632.256959ms
time=2026-08-14T18:34:46.425Z level=INFO msg="HTTP attempt completed" event=http_attempt scope=reddit operation=comments post_id=1btaoe5 attempt=1 result=success http_status=200 duration=1.082704125s
time=2026-08-14T18:34:52.811Z level=INFO msg="HTTP attempt completed" event=http_attempt scope=reddit operation=comments post_id=18a5iwq attempt=1 result=success http_status=200 duration=343.686709ms
time=2026-08-14T18:34:59.189Z level=INFO msg="HTTP attempt completed" event=http_attempt scope=reddit operation=comments post_id=1ksthbp attempt=1 result=success http_status=200 duration=336.818125ms
time=2026-08-14T18:35:05.565Z level=INFO msg="HTTP attempt completed" event=http_attempt scope=reddit operation=comments post_id=1jjnt1h attempt=1 result=success http_status=200 duration=334.720125ms
time=2026-08-14T18:35:13.726Z level=INFO msg="HTTP attempt completed" event=http_attempt scope=reddit operation=comments post_id=1dzxivb attempt=1 result=success http_status=200 duration=2.119827583s
time=2026-08-14T18:35:20.915Z level=INFO msg="HTTP attempt completed" event=http_attempt scope=reddit operation=comments post_id=1aod346 attempt=1 result=success http_status=200 duration=1.144531791s
time=2026-08-14T18:35:27.246Z level=INFO msg="HTTP attempt completed" event=http_attempt scope=reddit operation=comments post_id=1jcli3n attempt=1 result=success http_status=200 duration=289.550875ms
time=2026-08-14T18:35:33.654Z level=INFO msg="HTTP attempt completed" event=http_attempt scope=reddit operation=comments post_id=1hg8z5k attempt=1 result=success http_status=200 duration=366.5585ms
time=2026-08-14T18:35:40.385Z level=INFO msg="HTTP attempt completed" event=http_attempt scope=reddit operation=comments post_id=1et0ln3 attempt=1 result=success http_status=200 duration=689.484ms
time=2026-08-14T18:35:46.764Z level=INFO msg="HTTP attempt completed" event=http_attempt scope=reddit operation=comments post_id=18a9168 attempt=1 result=success http_status=200 duration=337.540791ms
time=2026-08-14T18:35:53.155Z level=INFO msg="HTTP attempt completed" event=http_attempt scope=reddit operation=comments post_id=1l3715u attempt=1 result=success http_status=200 duration=346.976ms
time=2026-08-14T18:35:59.598Z level=INFO msg="HTTP attempt completed" event=http_attempt scope=reddit operation=comments post_id=1nl6fs3 attempt=1 result=success http_status=200 duration=401.463208ms
time=2026-08-14T18:36:05.865Z level=INFO msg="HTTP attempt completed" event=http_attempt scope=reddit operation=comments post_id=1zzz12x attempt=1 result=failure http_status=404 duration=225.567916ms error_class=not_found
time=2026-08-14T18:36:12.342Z level=INFO msg="HTTP attempt completed" event=http_attempt scope=reddit operation=comments post_id=1naxweu attempt=1 result=success http_status=200 duration=435.310042ms
time=2026-08-14T18:36:18.766Z level=INFO msg="HTTP attempt completed" event=http_attempt scope=reddit operation=comments post_id=11ix707 attempt=1 result=success http_status=200 duration=381.512375ms
time=2026-08-14T18:36:25.283Z level=INFO msg="HTTP attempt completed" event=http_attempt scope=reddit operation=comments post_id=1eyj8vz attempt=1 result=success http_status=200 duration=475.082583ms
time=2026-08-14T18:36:31.703Z level=INFO msg="HTTP attempt completed" event=http_attempt scope=reddit operation=comments post_id=1gk8saq attempt=1 result=success http_status=200 duration=379.086666ms
time=2026-08-14T18:36:38.104Z level=INFO msg="HTTP attempt completed" event=http_attempt scope=reddit operation=comments post_id=188mnhk attempt=1 result=success http_status=200 duration=359.920708ms
time=2026-08-14T18:36:45.185Z level=INFO msg="HTTP attempt completed" event=http_attempt scope=reddit operation=comments post_id=1bl8eia attempt=1 result=success http_status=200 duration=1.039012458s
time=2026-08-14T18:36:51.710Z level=INFO msg="HTTP attempt completed" event=http_attempt scope=reddit operation=comments post_id=1jf5hzd attempt=1 result=success http_status=200 duration=484.128792ms
time=2026-08-14T18:36:58.518Z level=INFO msg="HTTP attempt completed" event=http_attempt scope=reddit operation=comments post_id=1iug1z2 attempt=1 result=success http_status=200 duration=765.900541ms
time=2026-08-14T18:37:05.112Z level=INFO msg="HTTP attempt completed" event=http_attempt scope=reddit operation=comments post_id=1l6d0bm attempt=1 result=success http_status=200 duration=551.742041ms
time=2026-08-14T18:37:11.387Z level=INFO msg="HTTP attempt completed" event=http_attempt scope=reddit operation=comments post_id=1zzz04x attempt=1 result=failure http_status=404 duration=232.932ms error_class=not_found
time=2026-08-14T18:37:17.647Z level=INFO msg="HTTP attempt completed" event=http_attempt scope=reddit operation=comments post_id=1zzz08x attempt=1 result=failure http_status=404 duration=218.8065ms error_class=not_found
time=2026-08-14T18:37:24.044Z level=INFO msg="HTTP attempt completed" event=http_attempt scope=reddit operation=comments post_id=1lxepo2 attempt=1 result=success http_status=200 duration=354.747583ms
time=2026-08-14T18:37:30.354Z level=INFO msg="HTTP attempt completed" event=http_attempt scope=reddit operation=continuation post_id=1bl8eia attempt=1 result=success http_status=200 duration=268.820042ms
time=2026-08-14T18:37:36.749Z level=INFO msg="HTTP attempt completed" event=http_attempt scope=reddit operation=comments post_id=134kh2n attempt=1 result=success http_status=200 duration=353.05225ms
time=2026-08-14T18:37:43.240Z level=INFO msg="HTTP attempt completed" event=http_attempt scope=reddit operation=comments post_id=1j55pfh attempt=1 result=success http_status=200 duration=448.7535ms
time=2026-08-14T18:37:50.446Z level=INFO msg="HTTP attempt completed" event=http_attempt scope=reddit operation=comments post_id=1jmy1z9 attempt=1 result=success http_status=200 duration=1.163880708s
time=2026-08-14T18:37:56.762Z level=INFO msg="HTTP attempt completed" event=http_attempt scope=reddit operation=comments post_id=1035q0m attempt=1 result=success http_status=200 duration=274.807458ms
time=2026-08-14T18:38:03.282Z level=INFO msg="HTTP attempt completed" event=http_attempt scope=reddit operation=comments post_id=12vid0y attempt=1 result=success http_status=200 duration=477.24425ms
time=2026-08-14T18:38:09.694Z level=INFO msg="HTTP attempt completed" event=http_attempt scope=reddit operation=comments post_id=1jvbcib attempt=1 result=success http_status=200 duration=370.158541ms
time=2026-08-14T18:38:15.994Z level=INFO msg="HTTP attempt completed" event=http_attempt scope=reddit operation=continuation post_id=1bl8eia attempt=1 result=success http_status=200 duration=259.039333ms
time=2026-08-14T18:38:22.777Z level=INFO msg="HTTP attempt completed" event=http_attempt scope=reddit operation=comments post_id=1d94h2r attempt=1 result=success http_status=200 duration=741.725666ms
time=2026-08-14T18:38:29.082Z level=INFO msg="HTTP attempt completed" event=http_attempt scope=reddit operation=continuation post_id=1j55pfh attempt=1 result=success http_status=200 duration=263.02475ms
time=2026-08-14T18:38:35.476Z level=INFO msg="HTTP attempt completed" event=http_attempt scope=reddit operation=comments post_id=1lkc2en attempt=1 result=success http_status=200 duration=352.928458ms
time=2026-08-14T18:38:41.834Z level=INFO msg="HTTP attempt completed" event=http_attempt scope=reddit operation=comments post_id=1kqmnx5 attempt=1 result=success http_status=200 duration=315.457959ms
time=2026-08-14T18:38:48.195Z level=INFO msg="HTTP attempt completed" event=http_attempt scope=reddit operation=comments post_id=1hwncbe attempt=1 result=success http_status=200 duration=318.983875ms
time=2026-08-14T18:38:54.547Z level=INFO msg="HTTP attempt completed" event=http_attempt scope=reddit operation=comments post_id=1fw7adr attempt=1 result=success http_status=200 duration=309.329125ms
time=2026-08-14T18:39:00.856Z level=INFO msg="HTTP attempt completed" event=http_attempt scope=reddit operation=continuation post_id=1bl8eia attempt=1 result=success http_status=200 duration=266.849333ms
time=2026-08-14T18:39:08.338Z level=INFO msg="HTTP attempt completed" event=http_attempt scope=reddit operation=comments post_id=1ko5736 attempt=1 result=success http_status=200 duration=1.439258541s
time=2026-08-14T18:39:14.766Z level=INFO msg="HTTP attempt completed" event=http_attempt scope=reddit operation=comments post_id=1k78b4b attempt=1 result=success http_status=200 duration=387.051542ms
time=2026-08-14T18:39:21.195Z level=INFO msg="HTTP attempt completed" event=http_attempt scope=reddit operation=comments post_id=1ncx7ad attempt=1 result=success http_status=200 duration=386.317375ms
time=2026-08-14T18:39:27.528Z level=INFO msg="HTTP attempt completed" event=http_attempt scope=reddit operation=comments post_id=1i4xevb attempt=1 result=success http_status=200 duration=290.527ms
time=2026-08-14T18:39:34.529Z level=INFO msg="HTTP attempt completed" event=http_attempt scope=reddit operation=comments post_id=1jmrq3g attempt=1 result=success http_status=200 duration=960.389833ms
time=2026-08-14T18:39:40.908Z level=INFO msg="HTTP attempt completed" event=http_attempt scope=reddit operation=comments post_id=1kk2yb2 attempt=1 result=success http_status=200 duration=335.878584ms
time=2026-08-14T18:39:47.730Z level=INFO msg="HTTP attempt completed" event=http_attempt scope=reddit operation=comments post_id=1abn66u attempt=1 result=success http_status=200 duration=779.245791ms
time=2026-08-14T18:39:54.039Z level=INFO msg="HTTP attempt completed" event=http_attempt scope=reddit operation=continuation post_id=1ko5736 attempt=1 result=success http_status=200 duration=267.614459ms
time=2026-08-14T18:40:00.021Z level=INFO msg="HTTP attempt completed" event=http_attempt scope=reddit operation=comments post_id=1zzz06x attempt=1 result=failure http_status=404 duration=208.376792ms error_class=not_found
time=2026-08-14T18:40:06.073Z level=INFO msg="HTTP attempt completed" event=http_attempt scope=reddit operation=comments post_id=1zzz15x attempt=1 result=failure http_status=404 duration=218.866209ms error_class=not_found
time=2026-08-14T18:40:12.729Z level=INFO msg="HTTP attempt completed" event=http_attempt scope=reddit operation=comments post_id=1i18x2k attempt=1 result=success http_status=200 duration=653.591042ms
time=2026-08-14T18:40:19.419Z level=INFO msg="HTTP attempt completed" event=http_attempt scope=reddit operation=comments post_id=1kw56qk attempt=1 result=success http_status=200 duration=689.344542ms
time=2026-08-14T18:40:25.739Z level=INFO msg="HTTP attempt completed" event=http_attempt scope=reddit operation=comments post_id=1jwr0j9 attempt=1 result=success http_status=200 duration=318.728083ms
time=2026-08-14T18:40:32.395Z level=INFO msg="HTTP attempt completed" event=http_attempt scope=reddit operation=comments post_id=11hq18h attempt=1 result=success http_status=200 duration=654.317459ms
time=2026-08-14T18:40:38.716Z level=INFO msg="HTTP attempt completed" event=http_attempt scope=reddit operation=comments post_id=1kzns0k attempt=1 result=success http_status=200 duration=319.777667ms
time=2026-08-14T18:40:45.171Z level=INFO msg="HTTP attempt completed" event=http_attempt scope=reddit operation=comments post_id=18qvzjn attempt=1 result=success http_status=200 duration=454.041ms
time=2026-08-14T18:40:51.734Z level=INFO msg="HTTP attempt completed" event=http_attempt scope=reddit operation=comments post_id=1i79pn9 attempt=1 result=success http_status=200 duration=562.733ms
time=2026-08-14T18:40:58.372Z level=INFO msg="HTTP attempt completed" event=http_attempt scope=reddit operation=comments post_id=1ffb7p5 attempt=1 result=success http_status=200 duration=636.039ms
time=2026-08-14T18:41:05.023Z level=INFO msg="HTTP attempt completed" event=http_attempt scope=reddit operation=comments post_id=1i466h1 attempt=1 result=success http_status=200 duration=649.184459ms
time=2026-08-14T18:41:11.235Z level=INFO msg="HTTP attempt completed" event=http_attempt scope=reddit operation=comments post_id=1zzz17x attempt=1 result=failure http_status=404 duration=219.49275ms error_class=not_found
time=2026-08-14T18:41:17.692Z level=INFO msg="HTTP attempt completed" event=http_attempt scope=reddit operation=comments post_id=1faql8v attempt=1 result=success http_status=200 duration=466.651666ms
time=2026-08-14T18:41:24.041Z level=INFO msg="HTTP attempt completed" event=http_attempt scope=reddit operation=comments post_id=1kqe05h attempt=1 result=success http_status=200 duration=355.374709ms
time=2026-08-14T18:41:30.411Z level=INFO msg="HTTP attempt completed" event=http_attempt scope=reddit operation=comments post_id=1i2fc3f attempt=1 result=success http_status=200 duration=374.620583ms
time=2026-08-14T18:41:36.839Z level=INFO msg="HTTP attempt completed" event=http_attempt scope=reddit operation=comments post_id=1ba3o5a attempt=1 result=success http_status=200 duration=428.973667ms
time=2026-08-14T18:41:43.286Z level=INFO msg="HTTP attempt completed" event=http_attempt scope=reddit operation=comments post_id=1h6qi6n attempt=1 result=success http_status=200 duration=446.680625ms
time=2026-08-14T18:41:49.661Z level=INFO msg="HTTP attempt completed" event=http_attempt scope=reddit operation=comments post_id=1g64j1k attempt=1 result=success http_status=200 duration=375.928083ms
time=2026-08-14T18:41:56.040Z level=INFO msg="HTTP attempt completed" event=http_attempt scope=reddit operation=comments post_id=1kvwkv1 attempt=1 result=success http_status=200 duration=379.099791ms
time=2026-08-14T18:42:02.965Z level=INFO msg="HTTP attempt completed" event=http_attempt scope=reddit operation=comments post_id=1klq2h1 attempt=1 result=success http_status=200 duration=925.475875ms
time=2026-08-14T18:42:09.324Z level=INFO msg="HTTP attempt completed" event=http_attempt scope=reddit operation=comments post_id=1gticae attempt=1 result=success http_status=200 duration=357.621167ms
time=2026-08-14T18:42:15.602Z level=INFO msg="HTTP attempt completed" event=http_attempt scope=reddit operation=comments post_id=1kakt8i attempt=1 result=success http_status=200 duration=277.697166ms
time=2026-08-14T18:42:21.811Z level=INFO msg="HTTP attempt completed" event=http_attempt scope=reddit operation=comments post_id=1zzz18x attempt=1 result=failure http_status=404 duration=207.326833ms error_class=not_found
time=2026-08-14T18:42:28.600Z level=INFO msg="HTTP attempt completed" event=http_attempt scope=reddit operation=comments post_id=1n5eojd attempt=1 result=success http_status=200 duration=787.687209ms
time=2026-08-14T18:42:34.902Z level=INFO msg="HTTP attempt completed" event=http_attempt scope=reddit operation=comments post_id=1fsuvii attempt=1 result=success http_status=200 duration=299.495125ms
time=2026-08-14T18:42:41.361Z level=INFO msg="HTTP attempt completed" event=http_attempt scope=reddit operation=comments post_id=1bcy7fv attempt=1 result=success http_status=200 duration=458.357209ms
time=2026-08-14T18:42:47.575Z level=INFO msg="HTTP attempt completed" event=http_attempt scope=reddit operation=comments post_id=1zzz05x attempt=1 result=failure http_status=404 duration=212.377542ms error_class=not_found
time=2026-08-14T18:42:54.276Z level=INFO msg="HTTP attempt completed" event=http_attempt scope=reddit operation=comments post_id=1f96gvf attempt=1 result=success http_status=200 duration=699.741417ms
time=2026-08-14T18:43:00.713Z level=INFO msg="HTTP attempt completed" event=http_attempt scope=reddit operation=comments post_id=1kumuct attempt=1 result=success http_status=200 duration=435.677375ms
time=2026-08-14T18:43:07.269Z level=INFO msg="HTTP attempt completed" event=http_attempt scope=reddit operation=comments post_id=1kqpnvh attempt=1 result=success http_status=200 duration=556.277208ms
time=2026-08-14T18:43:13.672Z level=INFO msg="HTTP attempt completed" event=http_attempt scope=reddit operation=comments post_id=1g8n91q attempt=1 result=success http_status=200 duration=402.470583ms
time=2026-08-14T18:43:19.924Z level=INFO msg="HTTP attempt completed" event=http_attempt scope=reddit operation=comment_expansion post_id=14g45pr attempt=1 result=success http_status=200 duration=250.268667ms
time=2026-08-14T18:43:26.171Z level=INFO msg="HTTP attempt completed" event=http_attempt scope=reddit operation=comment_expansion post_id=14g45pr attempt=1 result=success http_status=200 duration=246.844042ms
time=2026-08-14T18:43:32.416Z level=INFO msg="HTTP attempt completed" event=http_attempt scope=reddit operation=comment_expansion post_id=14g45pr attempt=1 result=success http_status=200 duration=244.240083ms
time=2026-08-14T18:43:38.673Z level=INFO msg="HTTP attempt completed" event=http_attempt scope=reddit operation=comment_expansion post_id=14g45pr attempt=1 result=success http_status=200 duration=256.112917ms
time=2026-08-14T18:43:44.927Z level=INFO msg="HTTP attempt completed" event=http_attempt scope=reddit operation=comment_expansion post_id=14g45pr attempt=1 result=success http_status=200 duration=253.486542ms
time=2026-08-14T18:43:53.024Z level=INFO msg="HTTP attempt completed" event=http_attempt scope=reddit operation=comment_expansion post_id=14g45pr attempt=1 result=success http_status=200 duration=2.096066042s
time=2026-08-14T18:43:53.025Z level=INFO msg="post processing completed" event=post_outcome post_id=18blp0w source_line=1 status=completed comments=71 bodies_visited=71 expansion_requests=0 continuation_requests=0 counted_tokens=22
time=2026-08-14T18:43:53.025Z level=INFO msg="post processing completed" event=post_outcome post_id=1hm5cxl source_line=2 status=completed comments=152 bodies_visited=150 expansion_requests=0 continuation_requests=0 counted_tokens=58
time=2026-08-14T18:43:53.025Z level=INFO msg="post processing completed" event=post_outcome post_id=1k32joq source_line=3 status=completed comments=45 bodies_visited=45 expansion_requests=0 continuation_requests=0 counted_tokens=23
time=2026-08-14T18:43:53.025Z level=INFO msg="post processing completed" event=post_outcome post_id=1kx00un source_line=4 status=completed comments=33 bodies_visited=33 expansion_requests=0 continuation_requests=0 counted_tokens=3
time=2026-08-14T18:43:53.025Z level=INFO msg="post processing completed" event=post_outcome post_id=1zzz13x source_line=5 status=skipped comments=0 bodies_visited=0 expansion_requests=0 continuation_requests=0 counted_tokens=0 error_class=not_found operation=comments http_status=404
time=2026-08-14T18:43:53.025Z level=INFO msg="post processing completed" event=post_outcome post_id=1g1w2rg source_line=6 status=completed comments=43 bodies_visited=43 expansion_requests=0 continuation_requests=0 counted_tokens=20
time=2026-08-14T18:43:53.025Z level=INFO msg="post processing completed" event=post_outcome post_id=1hegc8m source_line=7 status=completed comments=84 bodies_visited=81 expansion_requests=0 continuation_requests=0 counted_tokens=47
time=2026-08-14T18:43:53.025Z level=INFO msg="post processing completed" event=post_outcome post_id=1foal72 source_line=8 status=completed comments=25 bodies_visited=25 expansion_requests=0 continuation_requests=0 counted_tokens=5
time=2026-08-14T18:43:53.025Z level=INFO msg="post processing completed" event=post_outcome post_id=18p92e0 source_line=9 status=completed comments=20 bodies_visited=20 expansion_requests=0 continuation_requests=0 counted_tokens=5
time=2026-08-14T18:43:53.025Z level=INFO msg="post processing completed" event=post_outcome post_id=1hx1slo source_line=10 status=completed comments=57 bodies_visited=57 expansion_requests=0 continuation_requests=0 counted_tokens=18
time=2026-08-14T18:43:53.025Z level=INFO msg="post processing completed" event=post_outcome post_id=1zzz07x source_line=11 status=skipped comments=0 bodies_visited=0 expansion_requests=0 continuation_requests=0 counted_tokens=0 error_class=not_found operation=comments http_status=404
time=2026-08-14T18:43:53.025Z level=INFO msg="post processing completed" event=post_outcome post_id=1g85in7 source_line=12 status=completed comments=15 bodies_visited=15 expansion_requests=0 continuation_requests=0 counted_tokens=7
time=2026-08-14T18:43:53.025Z level=INFO msg="post processing completed" event=post_outcome post_id=1kgavsj source_line=13 status=completed comments=5 bodies_visited=5 expansion_requests=0 continuation_requests=0 counted_tokens=1
time=2026-08-14T18:43:53.025Z level=INFO msg="post processing completed" event=post_outcome post_id=1jym8mi source_line=14 status=completed comments=37 bodies_visited=37 expansion_requests=0 continuation_requests=0 counted_tokens=12
time=2026-08-14T18:43:53.025Z level=INFO msg="post processing completed" event=post_outcome post_id=12jrffl source_line=15 status=completed comments=42 bodies_visited=42 expansion_requests=0 continuation_requests=0 counted_tokens=21
time=2026-08-14T18:43:53.025Z level=INFO msg="post processing completed" event=post_outcome post_id=1ftz7zf source_line=16 status=completed comments=10 bodies_visited=10 expansion_requests=0 continuation_requests=0 counted_tokens=2
time=2026-08-14T18:43:53.025Z level=INFO msg="post processing completed" event=post_outcome post_id=1kw3xds source_line=17 status=completed comments=28 bodies_visited=28 expansion_requests=0 continuation_requests=0 counted_tokens=12
time=2026-08-14T18:43:53.025Z level=INFO msg="post processing completed" event=post_outcome post_id=1htxcpe source_line=18 status=completed comments=33 bodies_visited=33 expansion_requests=0 continuation_requests=0 counted_tokens=6
time=2026-08-14T18:43:53.025Z level=INFO msg="post processing completed" event=post_outcome post_id=1kboruv source_line=19 status=completed comments=43 bodies_visited=43 expansion_requests=0 continuation_requests=0 counted_tokens=14
time=2026-08-14T18:43:53.025Z level=INFO msg="post processing completed" event=post_outcome post_id=1knjdh4 source_line=20 status=completed comments=7 bodies_visited=7 expansion_requests=0 continuation_requests=0 counted_tokens=3
time=2026-08-14T18:43:53.025Z level=INFO msg="post processing completed" event=post_outcome post_id=1nvh02s source_line=21 status=completed comments=38 bodies_visited=37 expansion_requests=0 continuation_requests=0 counted_tokens=17
time=2026-08-14T18:43:53.025Z level=INFO msg="post processing completed" event=post_outcome post_id=1moxo3v source_line=22 status=completed comments=47 bodies_visited=47 expansion_requests=0 continuation_requests=0 counted_tokens=34
time=2026-08-14T18:43:53.025Z level=INFO msg="post processing completed" event=post_outcome post_id=1lxwi5o source_line=23 status=completed comments=17 bodies_visited=17 expansion_requests=0 continuation_requests=0 counted_tokens=3
time=2026-08-14T18:43:53.025Z level=INFO msg="post processing completed" event=post_outcome post_id=1myivee source_line=24 status=completed comments=47 bodies_visited=46 expansion_requests=0 continuation_requests=0 counted_tokens=15
time=2026-08-14T18:43:53.026Z level=INFO msg="post processing completed" event=post_outcome post_id=1ma5p98 source_line=25 status=completed comments=18 bodies_visited=17 expansion_requests=0 continuation_requests=0 counted_tokens=2
time=2026-08-14T18:43:53.026Z level=INFO msg="post processing completed" event=post_outcome post_id=1jz2hfv source_line=26 status=completed comments=63 bodies_visited=63 expansion_requests=0 continuation_requests=0 counted_tokens=13
time=2026-08-14T18:43:53.026Z level=INFO msg="post processing completed" event=post_outcome post_id=1n709xo source_line=27 status=completed comments=44 bodies_visited=43 expansion_requests=0 continuation_requests=0 counted_tokens=19
time=2026-08-14T18:43:53.026Z level=INFO msg="post processing completed" event=post_outcome post_id=1h8ue30 source_line=28 status=completed comments=110 bodies_visited=110 expansion_requests=0 continuation_requests=0 counted_tokens=60
time=2026-08-14T18:43:53.026Z level=INFO msg="post processing completed" event=post_outcome post_id=1ko7t3a source_line=29 status=completed comments=8 bodies_visited=8 expansion_requests=0 continuation_requests=0 counted_tokens=2
time=2026-08-14T18:43:53.026Z level=INFO msg="post processing completed" event=post_outcome post_id=1gpt7nj source_line=30 status=completed comments=42 bodies_visited=42 expansion_requests=0 continuation_requests=0 counted_tokens=11
time=2026-08-14T18:43:53.026Z level=INFO msg="post processing completed" event=post_outcome post_id=17p36e9 source_line=31 status=completed comments=28 bodies_visited=28 expansion_requests=0 continuation_requests=0 counted_tokens=6
time=2026-08-14T18:43:53.026Z level=INFO msg="post processing completed" event=post_outcome post_id=1l9q1rx source_line=32 status=completed comments=33 bodies_visited=33 expansion_requests=0 continuation_requests=0 counted_tokens=6
time=2026-08-14T18:43:53.026Z level=INFO msg="post processing completed" event=post_outcome post_id=1hsta1l source_line=33 status=completed comments=47 bodies_visited=46 expansion_requests=0 continuation_requests=0 counted_tokens=4
time=2026-08-14T18:43:53.026Z level=INFO msg="post processing completed" event=post_outcome post_id=1k4eqyt source_line=34 status=completed comments=61 bodies_visited=61 expansion_requests=0 continuation_requests=0 counted_tokens=19
time=2026-08-14T18:43:53.026Z level=INFO msg="post processing completed" event=post_outcome post_id=1g04rk7 source_line=35 status=completed comments=50 bodies_visited=50 expansion_requests=0 continuation_requests=0 counted_tokens=12
time=2026-08-14T18:43:53.026Z level=INFO msg="post processing completed" event=post_outcome post_id=1mhzlv2 source_line=36 status=completed comments=51 bodies_visited=50 expansion_requests=0 continuation_requests=0 counted_tokens=20
time=2026-08-14T18:43:53.026Z level=INFO msg="post processing completed" event=post_outcome post_id=176axim source_line=37 status=completed comments=60 bodies_visited=60 expansion_requests=0 continuation_requests=0 counted_tokens=23
time=2026-08-14T18:43:53.026Z level=INFO msg="post processing completed" event=post_outcome post_id=1eegiye source_line=38 status=completed comments=64 bodies_visited=53 expansion_requests=0 continuation_requests=0 counted_tokens=34
time=2026-08-14T18:43:53.026Z level=INFO msg="post processing completed" event=post_outcome post_id=1l26cik source_line=39 status=completed comments=32 bodies_visited=31 expansion_requests=0 continuation_requests=0 counted_tokens=8
time=2026-08-14T18:43:53.026Z level=INFO msg="post processing completed" event=post_outcome post_id=1ln0vhu source_line=40 status=completed comments=23 bodies_visited=22 expansion_requests=0 continuation_requests=0 counted_tokens=2
time=2026-08-14T18:43:53.026Z level=INFO msg="post processing completed" event=post_outcome post_id=1eglvno source_line=41 status=completed comments=49 bodies_visited=49 expansion_requests=0 continuation_requests=0 counted_tokens=28
time=2026-08-14T18:43:53.026Z level=INFO msg="post processing completed" event=post_outcome post_id=1zzz16x source_line=42 status=skipped comments=0 bodies_visited=0 expansion_requests=0 continuation_requests=0 counted_tokens=0 error_class=not_found operation=comments http_status=404
time=2026-08-14T18:43:53.026Z level=INFO msg="post processing completed" event=post_outcome post_id=1nzaema source_line=43 status=completed comments=34 bodies_visited=34 expansion_requests=0 continuation_requests=0 counted_tokens=3
time=2026-08-14T18:43:53.026Z level=INFO msg="post processing completed" event=post_outcome post_id=1kzczxr source_line=44 status=completed comments=31 bodies_visited=30 expansion_requests=0 continuation_requests=0 counted_tokens=4
time=2026-08-14T18:43:53.026Z level=INFO msg="post processing completed" event=post_outcome post_id=1leho7y source_line=45 status=completed comments=18 bodies_visited=18 expansion_requests=0 continuation_requests=0 counted_tokens=4
time=2026-08-14T18:43:53.026Z level=INFO msg="post processing completed" event=post_outcome post_id=11tq55f source_line=46 status=completed comments=44 bodies_visited=44 expansion_requests=0 continuation_requests=0 counted_tokens=10
time=2026-08-14T18:43:53.026Z level=INFO msg="post processing completed" event=post_outcome post_id=1k9ao8a source_line=47 status=completed comments=37 bodies_visited=36 expansion_requests=0 continuation_requests=0 counted_tokens=14
time=2026-08-14T18:43:53.026Z level=INFO msg="post processing completed" event=post_outcome post_id=1kpuxz0 source_line=48 status=completed comments=145 bodies_visited=138 expansion_requests=0 continuation_requests=0 counted_tokens=67
time=2026-08-14T18:43:53.026Z level=INFO msg="post processing completed" event=post_outcome post_id=1b3lm6y source_line=49 status=completed comments=52 bodies_visited=51 expansion_requests=0 continuation_requests=0 counted_tokens=61
time=2026-08-14T18:43:53.026Z level=INFO msg="post processing completed" event=post_outcome post_id=1nz384p source_line=50 status=completed comments=40 bodies_visited=40 expansion_requests=0 continuation_requests=0 counted_tokens=35
time=2026-08-14T18:43:53.026Z level=INFO msg="post processing completed" event=post_outcome post_id=1zzz10x source_line=51 status=skipped comments=0 bodies_visited=0 expansion_requests=0 continuation_requests=0 counted_tokens=0 error_class=not_found operation=comments http_status=404
time=2026-08-14T18:43:53.026Z level=INFO msg="post processing completed" event=post_outcome post_id=102d29i source_line=52 status=completed comments=4 bodies_visited=4 expansion_requests=0 continuation_requests=0 counted_tokens=0
time=2026-08-14T18:43:53.026Z level=INFO msg="post processing completed" event=post_outcome post_id=1gokxxa source_line=53 status=completed comments=41 bodies_visited=40 expansion_requests=0 continuation_requests=0 counted_tokens=9
time=2026-08-14T18:43:53.026Z level=INFO msg="post processing completed" event=post_outcome post_id=1iiqz23 source_line=54 status=completed comments=31 bodies_visited=31 expansion_requests=0 continuation_requests=0 counted_tokens=11
time=2026-08-14T18:43:53.026Z level=INFO msg="post processing completed" event=post_outcome post_id=17iy3et source_line=55 status=completed comments=23 bodies_visited=23 expansion_requests=0 continuation_requests=0 counted_tokens=8
time=2026-08-14T18:43:53.026Z level=INFO msg="post processing completed" event=post_outcome post_id=1zzz09x source_line=56 status=skipped comments=0 bodies_visited=0 expansion_requests=0 continuation_requests=0 counted_tokens=0 error_class=not_found operation=comments http_status=404
time=2026-08-14T18:43:53.026Z level=INFO msg="post processing completed" event=post_outcome post_id=1hyc2vf source_line=57 status=completed comments=27 bodies_visited=26 expansion_requests=0 continuation_requests=0 counted_tokens=10
time=2026-08-14T18:43:53.027Z level=INFO msg="post processing completed" event=post_outcome post_id=1lglf7s source_line=58 status=completed comments=14 bodies_visited=14 expansion_requests=0 continuation_requests=0 counted_tokens=6
time=2026-08-14T18:43:53.027Z level=INFO msg="post processing completed" event=post_outcome post_id=1kulho7 source_line=59 status=completed comments=72 bodies_visited=72 expansion_requests=0 continuation_requests=0 counted_tokens=65
time=2026-08-14T18:43:53.027Z level=INFO msg="post processing completed" event=post_outcome post_id=1nh9a8c source_line=60 status=completed comments=52 bodies_visited=52 expansion_requests=0 continuation_requests=0 counted_tokens=21
time=2026-08-14T18:43:53.027Z level=INFO msg="post processing completed" event=post_outcome post_id=1zzz19x source_line=61 status=skipped comments=0 bodies_visited=0 expansion_requests=0 continuation_requests=0 counted_tokens=0 error_class=not_found operation=comments http_status=404
time=2026-08-14T18:43:53.027Z level=INFO msg="post processing completed" event=post_outcome post_id=185zfr2 source_line=62 status=completed comments=32 bodies_visited=32 expansion_requests=0 continuation_requests=0 counted_tokens=10
time=2026-08-14T18:43:53.027Z level=INFO msg="post processing completed" event=post_outcome post_id=1jqgbhw source_line=63 status=completed comments=54 bodies_visited=54 expansion_requests=0 continuation_requests=0 counted_tokens=27
time=2026-08-14T18:43:53.027Z level=INFO msg="post processing completed" event=post_outcome post_id=1l8k6g6 source_line=64 status=completed comments=31 bodies_visited=30 expansion_requests=0 continuation_requests=0 counted_tokens=3
time=2026-08-14T18:43:53.027Z level=INFO msg="post processing completed" event=post_outcome post_id=1fftze8 source_line=65 status=completed comments=24 bodies_visited=24 expansion_requests=0 continuation_requests=0 counted_tokens=11
time=2026-08-14T18:43:53.027Z level=INFO msg="post processing completed" event=post_outcome post_id=1gxulx1 source_line=66 status=completed comments=23 bodies_visited=23 expansion_requests=0 continuation_requests=0 counted_tokens=4
time=2026-08-14T18:43:53.027Z level=INFO msg="post processing completed" event=post_outcome post_id=1hqxclf source_line=67 status=completed comments=12 bodies_visited=12 expansion_requests=0 continuation_requests=0 counted_tokens=5
time=2026-08-14T18:43:53.027Z level=INFO msg="post processing completed" event=post_outcome post_id=1zzz11x source_line=68 status=skipped comments=0 bodies_visited=0 expansion_requests=0 continuation_requests=0 counted_tokens=0 error_class=not_found operation=comments http_status=404
time=2026-08-14T18:43:53.027Z level=INFO msg="post processing completed" event=post_outcome post_id=1877z3u source_line=69 status=completed comments=18 bodies_visited=18 expansion_requests=0 continuation_requests=0 counted_tokens=12
time=2026-08-14T18:43:53.027Z level=INFO msg="post processing completed" event=post_outcome post_id=1gt2bu3 source_line=70 status=completed comments=10 bodies_visited=10 expansion_requests=0 continuation_requests=0 counted_tokens=2
time=2026-08-14T18:43:53.027Z level=INFO msg="post processing completed" event=post_outcome post_id=17fd2sp source_line=71 status=completed comments=33 bodies_visited=33 expansion_requests=0 continuation_requests=0 counted_tokens=13
time=2026-08-14T18:43:53.027Z level=INFO msg="post processing completed" event=post_outcome post_id=1ae4ibd source_line=72 status=completed comments=55 bodies_visited=55 expansion_requests=0 continuation_requests=0 counted_tokens=31
time=2026-08-14T18:43:53.027Z level=INFO msg="post processing completed" event=post_outcome post_id=1kogpj8 source_line=73 status=completed comments=28 bodies_visited=28 expansion_requests=0 continuation_requests=0 counted_tokens=7
time=2026-08-14T18:43:53.027Z level=INFO msg="post processing completed" event=post_outcome post_id=1hv0j0c source_line=74 status=completed comments=30 bodies_visited=30 expansion_requests=0 continuation_requests=0 counted_tokens=11
time=2026-08-14T18:43:53.027Z level=INFO msg="post processing completed" event=post_outcome post_id=1zzz20x source_line=75 status=skipped comments=0 bodies_visited=0 expansion_requests=0 continuation_requests=0 counted_tokens=0 error_class=not_found operation=comments http_status=404
time=2026-08-14T18:43:53.027Z level=INFO msg="post processing completed" event=post_outcome post_id=1c8lq7w source_line=76 status=completed comments=124 bodies_visited=120 expansion_requests=0 continuation_requests=0 counted_tokens=114
time=2026-08-14T18:43:53.027Z level=INFO msg="post processing completed" event=post_outcome post_id=1ktto6u source_line=77 status=completed comments=38 bodies_visited=38 expansion_requests=0 continuation_requests=0 counted_tokens=53
time=2026-08-14T18:43:53.027Z level=INFO msg="post processing completed" event=post_outcome post_id=1l49nbq source_line=78 status=completed comments=10 bodies_visited=10 expansion_requests=0 continuation_requests=0 counted_tokens=3
time=2026-08-14T18:43:53.027Z level=INFO msg="post processing completed" event=post_outcome post_id=18gfvqs source_line=79 status=incomplete comments=80 bodies_visited=51 expansion_requests=0 continuation_requests=1 counted_tokens=0 error_class=incomplete operation=continuation
time=2026-08-14T18:43:53.027Z level=INFO msg="post processing completed" event=post_outcome post_id=1laihh2 source_line=80 status=completed comments=18 bodies_visited=18 expansion_requests=0 continuation_requests=0 counted_tokens=5
time=2026-08-14T18:43:53.027Z level=INFO msg="post processing completed" event=post_outcome post_id=1iyts2g source_line=81 status=completed comments=29 bodies_visited=29 expansion_requests=0 continuation_requests=0 counted_tokens=15
time=2026-08-14T18:43:53.027Z level=INFO msg="post processing completed" event=post_outcome post_id=1l92uza source_line=82 status=completed comments=23 bodies_visited=23 expansion_requests=0 continuation_requests=0 counted_tokens=8
time=2026-08-14T18:43:53.027Z level=INFO msg="post processing completed" event=post_outcome post_id=1mmlj2j source_line=83 status=completed comments=38 bodies_visited=37 expansion_requests=0 continuation_requests=0 counted_tokens=22
time=2026-08-14T18:43:53.027Z level=INFO msg="post processing completed" event=post_outcome post_id=1ilica0 source_line=84 status=completed comments=9 bodies_visited=9 expansion_requests=0 continuation_requests=0 counted_tokens=3
time=2026-08-14T18:43:53.027Z level=INFO msg="post processing completed" event=post_outcome post_id=1fxue2x source_line=85 status=completed comments=54 bodies_visited=54 expansion_requests=0 continuation_requests=0 counted_tokens=25
time=2026-08-14T18:43:53.027Z level=INFO msg="post processing completed" event=post_outcome post_id=1lqvujo source_line=86 status=completed comments=8 bodies_visited=8 expansion_requests=0 continuation_requests=0 counted_tokens=1
time=2026-08-14T18:43:53.027Z level=INFO msg="post processing completed" event=post_outcome post_id=1lm3ymf source_line=87 status=completed comments=14 bodies_visited=14 expansion_requests=0 continuation_requests=0 counted_tokens=3
time=2026-08-14T18:43:53.027Z level=INFO msg="post processing completed" event=post_outcome post_id=1nhuz17 source_line=88 status=completed comments=107 bodies_visited=107 expansion_requests=0 continuation_requests=0 counted_tokens=38
time=2026-08-14T18:43:53.027Z level=INFO msg="post processing completed" event=post_outcome post_id=1hx3sm6 source_line=89 status=completed comments=21 bodies_visited=21 expansion_requests=0 continuation_requests=0 counted_tokens=3
time=2026-08-14T18:43:53.027Z level=INFO msg="post processing completed" event=post_outcome post_id=1zzz14x source_line=90 status=skipped comments=0 bodies_visited=0 expansion_requests=0 continuation_requests=0 counted_tokens=0 error_class=not_found operation=comments http_status=404
time=2026-08-14T18:43:53.027Z level=INFO msg="post processing completed" event=post_outcome post_id=1i2pohw source_line=91 status=completed comments=30 bodies_visited=30 expansion_requests=0 continuation_requests=0 counted_tokens=29
time=2026-08-14T18:43:53.027Z level=INFO msg="post processing completed" event=post_outcome post_id=1nipbup source_line=92 status=completed comments=37 bodies_visited=37 expansion_requests=0 continuation_requests=0 counted_tokens=8
time=2026-08-14T18:43:53.027Z level=INFO msg="post processing completed" event=post_outcome post_id=1l73ubj source_line=93 status=completed comments=19 bodies_visited=19 expansion_requests=0 continuation_requests=0 counted_tokens=7
time=2026-08-14T18:43:53.027Z level=INFO msg="post processing completed" event=post_outcome post_id=1i8voji source_line=94 status=completed comments=212 bodies_visited=206 expansion_requests=0 continuation_requests=0 counted_tokens=51
time=2026-08-14T18:43:53.027Z level=INFO msg="post processing completed" event=post_outcome post_id=1b4tw9i source_line=95 status=completed comments=37 bodies_visited=37 expansion_requests=0 continuation_requests=0 counted_tokens=7
time=2026-08-14T18:43:53.027Z level=INFO msg="post processing completed" event=post_outcome post_id=1fv6ly8 source_line=96 status=completed comments=41 bodies_visited=41 expansion_requests=0 continuation_requests=0 counted_tokens=36
time=2026-08-14T18:43:53.027Z level=INFO msg="post processing completed" event=post_outcome post_id=1k4guxq source_line=97 status=completed comments=39 bodies_visited=39 expansion_requests=0 continuation_requests=0 counted_tokens=6
time=2026-08-14T18:43:53.027Z level=INFO msg="post processing completed" event=post_outcome post_id=1l87qib source_line=98 status=completed comments=85 bodies_visited=84 expansion_requests=0 continuation_requests=0 counted_tokens=91
time=2026-08-14T18:43:53.027Z level=INFO msg="post processing completed" event=post_outcome post_id=16l1l7p source_line=99 status=completed comments=63 bodies_visited=62 expansion_requests=0 continuation_requests=1 counted_tokens=35
time=2026-08-14T18:43:53.027Z level=INFO msg="post processing completed" event=post_outcome post_id=1n4bed1 source_line=100 status=completed comments=30 bodies_visited=29 expansion_requests=0 continuation_requests=0 counted_tokens=5
time=2026-08-14T18:43:53.027Z level=INFO msg="post processing completed" event=post_outcome post_id=14g45pr source_line=101 status=completed comments=21 bodies_visited=21 expansion_requests=6 continuation_requests=0 counted_tokens=19
time=2026-08-14T18:43:53.027Z level=INFO msg="post processing completed" event=post_outcome post_id=1jt2jy0 source_line=102 status=completed comments=9 bodies_visited=9 expansion_requests=0 continuation_requests=0 counted_tokens=5
time=2026-08-14T18:43:53.027Z level=INFO msg="post processing completed" event=post_outcome post_id=1hmof39 source_line=103 status=completed comments=11 bodies_visited=11 expansion_requests=0 continuation_requests=0 counted_tokens=3
time=2026-08-14T18:43:53.027Z level=INFO msg="post processing completed" event=post_outcome post_id=1i629rg source_line=104 status=completed comments=267 bodies_visited=264 expansion_requests=0 continuation_requests=1 counted_tokens=95
time=2026-08-14T18:43:53.027Z level=INFO msg="post processing completed" event=post_outcome post_id=1krrnl6 source_line=105 status=completed comments=138 bodies_visited=135 expansion_requests=0 continuation_requests=1 counted_tokens=105
time=2026-08-14T18:43:53.027Z level=INFO msg="post processing completed" event=post_outcome post_id=1fm5z6t source_line=106 status=completed comments=71 bodies_visited=71 expansion_requests=0 continuation_requests=0 counted_tokens=38
time=2026-08-14T18:43:53.027Z level=INFO msg="post processing completed" event=post_outcome post_id=1f45s99 source_line=107 status=completed comments=143 bodies_visited=142 expansion_requests=0 continuation_requests=0 counted_tokens=63
time=2026-08-14T18:43:53.027Z level=INFO msg="post processing completed" event=post_outcome post_id=1ho6u3g source_line=108 status=completed comments=46 bodies_visited=46 expansion_requests=0 continuation_requests=0 counted_tokens=11
time=2026-08-14T18:43:53.027Z level=INFO msg="post processing completed" event=post_outcome post_id=1efadba source_line=109 status=completed comments=136 bodies_visited=132 expansion_requests=0 continuation_requests=0 counted_tokens=58
time=2026-08-14T18:43:53.027Z level=INFO msg="post processing completed" event=post_outcome post_id=1gnwuiq source_line=110 status=completed comments=35 bodies_visited=35 expansion_requests=0 continuation_requests=0 counted_tokens=4
time=2026-08-14T18:43:53.027Z level=INFO msg="post processing completed" event=post_outcome post_id=1zzz02x source_line=111 status=skipped comments=0 bodies_visited=0 expansion_requests=0 continuation_requests=0 counted_tokens=0 error_class=not_found operation=comments http_status=404
time=2026-08-14T18:43:53.027Z level=INFO msg="post processing completed" event=post_outcome post_id=1kkviy9 source_line=112 status=completed comments=169 bodies_visited=164 expansion_requests=0 continuation_requests=0 counted_tokens=118
time=2026-08-14T18:43:53.028Z level=INFO msg="post processing completed" event=post_outcome post_id=1c2oiom source_line=113 status=completed comments=41 bodies_visited=41 expansion_requests=0 continuation_requests=0 counted_tokens=4
time=2026-08-14T18:43:53.028Z level=INFO msg="post processing completed" event=post_outcome post_id=1loded4 source_line=114 status=completed comments=19 bodies_visited=19 expansion_requests=0 continuation_requests=0 counted_tokens=4
time=2026-08-14T18:43:53.028Z level=INFO msg="post processing completed" event=post_outcome post_id=1kr89rp source_line=115 status=completed comments=35 bodies_visited=35 expansion_requests=0 continuation_requests=0 counted_tokens=5
time=2026-08-14T18:43:53.028Z level=INFO msg="post processing completed" event=post_outcome post_id=10lezbw source_line=116 status=completed comments=4 bodies_visited=4 expansion_requests=0 continuation_requests=0 counted_tokens=1
time=2026-08-14T18:43:53.028Z level=INFO msg="post processing completed" event=post_outcome post_id=1c4t9t0 source_line=117 status=completed comments=27 bodies_visited=26 expansion_requests=0 continuation_requests=0 counted_tokens=10
time=2026-08-14T18:43:53.028Z level=INFO msg="post processing completed" event=post_outcome post_id=1zzz01x source_line=118 status=skipped comments=0 bodies_visited=0 expansion_requests=0 continuation_requests=0 counted_tokens=0 error_class=not_found operation=comments http_status=404
time=2026-08-14T18:43:53.028Z level=INFO msg="post processing completed" event=post_outcome post_id=1zzz03x source_line=119 status=skipped comments=0 bodies_visited=0 expansion_requests=0 continuation_requests=0 counted_tokens=0 error_class=not_found operation=comments http_status=404
time=2026-08-14T18:43:53.028Z level=INFO msg="post processing completed" event=post_outcome post_id=1fktne8 source_line=120 status=completed comments=11 bodies_visited=11 expansion_requests=0 continuation_requests=0 counted_tokens=0
time=2026-08-14T18:43:53.028Z level=INFO msg="post processing completed" event=post_outcome post_id=1fpf6hk source_line=121 status=completed comments=3 bodies_visited=3 expansion_requests=0 continuation_requests=0 counted_tokens=1
time=2026-08-14T18:43:53.028Z level=INFO msg="post processing completed" event=post_outcome post_id=1het9gg source_line=122 status=completed comments=15 bodies_visited=15 expansion_requests=0 continuation_requests=0 counted_tokens=8
time=2026-08-14T18:43:53.028Z level=INFO msg="post processing completed" event=post_outcome post_id=1kmv765 source_line=123 status=completed comments=17 bodies_visited=17 expansion_requests=0 continuation_requests=0 counted_tokens=5
time=2026-08-14T18:43:53.028Z level=INFO msg="post processing completed" event=post_outcome post_id=1l58ge9 source_line=124 status=completed comments=9 bodies_visited=8 expansion_requests=0 continuation_requests=0 counted_tokens=2
time=2026-08-14T18:43:53.028Z level=INFO msg="post processing completed" event=post_outcome post_id=1l43lfy source_line=125 status=completed comments=48 bodies_visited=47 expansion_requests=0 continuation_requests=0 counted_tokens=43
time=2026-08-14T18:43:53.028Z level=INFO msg="post processing completed" event=post_outcome post_id=1gckj73 source_line=126 status=completed comments=30 bodies_visited=30 expansion_requests=0 continuation_requests=0 counted_tokens=5
time=2026-08-14T18:43:53.028Z level=INFO msg="post processing completed" event=post_outcome post_id=1btaoe5 source_line=127 status=completed comments=121 bodies_visited=121 expansion_requests=0 continuation_requests=0 counted_tokens=74
time=2026-08-14T18:43:53.028Z level=INFO msg="post processing completed" event=post_outcome post_id=18a5iwq source_line=128 status=completed comments=21 bodies_visited=16 expansion_requests=0 continuation_requests=0 counted_tokens=6
time=2026-08-14T18:43:53.028Z level=INFO msg="post processing completed" event=post_outcome post_id=1ksthbp source_line=129 status=completed comments=21 bodies_visited=19 expansion_requests=0 continuation_requests=0 counted_tokens=7
time=2026-08-14T18:43:53.028Z level=INFO msg="post processing completed" event=post_outcome post_id=1jjnt1h source_line=130 status=completed comments=9 bodies_visited=9 expansion_requests=0 continuation_requests=0 counted_tokens=1
time=2026-08-14T18:43:53.028Z level=INFO msg="post processing completed" event=post_outcome post_id=1dzxivb source_line=131 status=completed comments=332 bodies_visited=323 expansion_requests=0 continuation_requests=0 counted_tokens=95
time=2026-08-14T18:43:53.028Z level=INFO msg="post processing completed" event=post_outcome post_id=1aod346 source_line=132 status=completed comments=191 bodies_visited=190 expansion_requests=0 continuation_requests=0 counted_tokens=103
time=2026-08-14T18:43:53.028Z level=INFO msg="post processing completed" event=post_outcome post_id=1jcli3n source_line=133 status=completed comments=10 bodies_visited=10 expansion_requests=0 continuation_requests=0 counted_tokens=1
time=2026-08-14T18:43:53.028Z level=INFO msg="post processing completed" event=post_outcome post_id=1hg8z5k source_line=134 status=completed comments=34 bodies_visited=34 expansion_requests=0 continuation_requests=0 counted_tokens=2
time=2026-08-14T18:43:53.028Z level=INFO msg="post processing completed" event=post_outcome post_id=1et0ln3 source_line=135 status=completed comments=103 bodies_visited=103 expansion_requests=0 continuation_requests=0 counted_tokens=17
time=2026-08-14T18:43:53.028Z level=INFO msg="post processing completed" event=post_outcome post_id=18a9168 source_line=136 status=completed comments=18 bodies_visited=18 expansion_requests=0 continuation_requests=0 counted_tokens=7
time=2026-08-14T18:43:53.028Z level=INFO msg="post processing completed" event=post_outcome post_id=1l3715u source_line=137 status=completed comments=27 bodies_visited=27 expansion_requests=0 continuation_requests=0 counted_tokens=3
time=2026-08-14T18:43:53.028Z level=INFO msg="post processing completed" event=post_outcome post_id=1nl6fs3 source_line=138 status=completed comments=36 bodies_visited=34 expansion_requests=0 continuation_requests=0 counted_tokens=20
time=2026-08-14T18:43:53.028Z level=INFO msg="post processing completed" event=post_outcome post_id=1zzz12x source_line=139 status=skipped comments=0 bodies_visited=0 expansion_requests=0 continuation_requests=0 counted_tokens=0 error_class=not_found operation=comments http_status=404
time=2026-08-14T18:43:53.028Z level=INFO msg="post processing completed" event=post_outcome post_id=1naxweu source_line=140 status=completed comments=17 bodies_visited=16 expansion_requests=0 continuation_requests=0 counted_tokens=5
time=2026-08-14T18:43:53.028Z level=INFO msg="post processing completed" event=post_outcome post_id=11ix707 source_line=141 status=completed comments=32 bodies_visited=31 expansion_requests=0 continuation_requests=0 counted_tokens=3
time=2026-08-14T18:43:53.028Z level=INFO msg="post processing completed" event=post_outcome post_id=1eyj8vz source_line=142 status=completed comments=59 bodies_visited=59 expansion_requests=0 continuation_requests=0 counted_tokens=10
time=2026-08-14T18:43:53.028Z level=INFO msg="post processing completed" event=post_outcome post_id=1gk8saq source_line=143 status=completed comments=24 bodies_visited=24 expansion_requests=0 continuation_requests=0 counted_tokens=3
time=2026-08-14T18:43:53.028Z level=INFO msg="post processing completed" event=post_outcome post_id=188mnhk source_line=144 status=completed comments=29 bodies_visited=29 expansion_requests=0 continuation_requests=0 counted_tokens=3
time=2026-08-14T18:43:53.028Z level=INFO msg="post processing completed" event=post_outcome post_id=1bl8eia source_line=145 status=completed comments=172 bodies_visited=161 expansion_requests=0 continuation_requests=3 counted_tokens=77
time=2026-08-14T18:43:53.028Z level=INFO msg="post processing completed" event=post_outcome post_id=1jf5hzd source_line=146 status=completed comments=62 bodies_visited=62 expansion_requests=0 continuation_requests=0 counted_tokens=11
time=2026-08-14T18:43:53.028Z level=INFO msg="post processing completed" event=post_outcome post_id=1iug1z2 source_line=147 status=completed comments=111 bodies_visited=111 expansion_requests=0 continuation_requests=0 counted_tokens=23
time=2026-08-14T18:43:53.028Z level=INFO msg="post processing completed" event=post_outcome post_id=1l6d0bm source_line=148 status=completed comments=51 bodies_visited=51 expansion_requests=0 continuation_requests=0 counted_tokens=51
time=2026-08-14T18:43:53.028Z level=INFO msg="post processing completed" event=post_outcome post_id=1zzz04x source_line=149 status=skipped comments=0 bodies_visited=0 expansion_requests=0 continuation_requests=0 counted_tokens=0 error_class=not_found operation=comments http_status=404
time=2026-08-14T18:43:53.028Z level=INFO msg="post processing completed" event=post_outcome post_id=1zzz08x source_line=150 status=skipped comments=0 bodies_visited=0 expansion_requests=0 continuation_requests=0 counted_tokens=0 error_class=not_found operation=comments http_status=404
time=2026-08-14T18:43:53.028Z level=INFO msg="post processing completed" event=post_outcome post_id=1lxepo2 source_line=151 status=completed comments=31 bodies_visited=31 expansion_requests=0 continuation_requests=0 counted_tokens=10
time=2026-08-14T18:43:53.028Z level=INFO msg="post processing completed" event=post_outcome post_id=134kh2n source_line=152 status=completed comments=19 bodies_visited=19 expansion_requests=0 continuation_requests=0 counted_tokens=6
time=2026-08-14T18:43:53.028Z level=INFO msg="post processing completed" event=post_outcome post_id=1j55pfh source_line=153 status=completed comments=47 bodies_visited=45 expansion_requests=0 continuation_requests=1 counted_tokens=10
time=2026-08-14T18:43:53.028Z level=INFO msg="post processing completed" event=post_outcome post_id=1jmy1z9 source_line=154 status=completed comments=79 bodies_visited=78 expansion_requests=0 continuation_requests=0 counted_tokens=32
time=2026-08-14T18:43:53.028Z level=INFO msg="post processing completed" event=post_outcome post_id=1035q0m source_line=155 status=completed comments=7 bodies_visited=7 expansion_requests=0 continuation_requests=0 counted_tokens=2
time=2026-08-14T18:43:53.028Z level=INFO msg="post processing completed" event=post_outcome post_id=12vid0y source_line=156 status=completed comments=45 bodies_visited=42 expansion_requests=0 continuation_requests=0 counted_tokens=21
time=2026-08-14T18:43:53.028Z level=INFO msg="post processing completed" event=post_outcome post_id=1jvbcib source_line=157 status=completed comments=17 bodies_visited=17 expansion_requests=0 continuation_requests=0 counted_tokens=4
time=2026-08-14T18:43:53.028Z level=INFO msg="post processing completed" event=post_outcome post_id=1d94h2r source_line=158 status=completed comments=117 bodies_visited=117 expansion_requests=0 continuation_requests=0 counted_tokens=42
time=2026-08-14T18:43:53.028Z level=INFO msg="post processing completed" event=post_outcome post_id=1lkc2en source_line=159 status=completed comments=20 bodies_visited=20 expansion_requests=0 continuation_requests=0 counted_tokens=9
time=2026-08-14T18:43:53.028Z level=INFO msg="post processing completed" event=post_outcome post_id=1kqmnx5 source_line=160 status=completed comments=18 bodies_visited=18 expansion_requests=0 continuation_requests=0 counted_tokens=5
time=2026-08-14T18:43:53.028Z level=INFO msg="post processing completed" event=post_outcome post_id=1hwncbe source_line=161 status=completed comments=22 bodies_visited=22 expansion_requests=0 continuation_requests=0 counted_tokens=7
time=2026-08-14T18:43:53.028Z level=INFO msg="post processing completed" event=post_outcome post_id=1fw7adr source_line=162 status=completed comments=18 bodies_visited=18 expansion_requests=0 continuation_requests=0 counted_tokens=13
time=2026-08-14T18:43:53.028Z level=INFO msg="post processing completed" event=post_outcome post_id=1ko5736 source_line=163 status=completed comments=249 bodies_visited=247 expansion_requests=0 continuation_requests=1 counted_tokens=284
time=2026-08-14T18:43:53.028Z level=INFO msg="post processing completed" event=post_outcome post_id=1k78b4b source_line=164 status=completed comments=31 bodies_visited=31 expansion_requests=0 continuation_requests=0 counted_tokens=12
time=2026-08-14T18:43:53.028Z level=INFO msg="post processing completed" event=post_outcome post_id=1ncx7ad source_line=165 status=completed comments=28 bodies_visited=28 expansion_requests=0 continuation_requests=0 counted_tokens=8
time=2026-08-14T18:43:53.028Z level=INFO msg="post processing completed" event=post_outcome post_id=1i4xevb source_line=166 status=completed comments=8 bodies_visited=8 expansion_requests=0 continuation_requests=0 counted_tokens=3
time=2026-08-14T18:43:53.028Z level=INFO msg="post processing completed" event=post_outcome post_id=1jmrq3g source_line=167 status=completed comments=111 bodies_visited=109 expansion_requests=0 continuation_requests=0 counted_tokens=65
time=2026-08-14T18:43:53.028Z level=INFO msg="post processing completed" event=post_outcome post_id=1kk2yb2 source_line=168 status=completed comments=27 bodies_visited=27 expansion_requests=0 continuation_requests=0 counted_tokens=16
time=2026-08-14T18:43:53.028Z level=INFO msg="post processing completed" event=post_outcome post_id=1abn66u source_line=169 status=completed comments=106 bodies_visited=102 expansion_requests=0 continuation_requests=0 counted_tokens=51
time=2026-08-14T18:43:53.028Z level=INFO msg="post processing completed" event=post_outcome post_id=1zzz06x source_line=170 status=skipped comments=0 bodies_visited=0 expansion_requests=0 continuation_requests=0 counted_tokens=0 error_class=not_found operation=comments http_status=404
time=2026-08-14T18:43:53.028Z level=INFO msg="post processing completed" event=post_outcome post_id=1zzz15x source_line=171 status=skipped comments=0 bodies_visited=0 expansion_requests=0 continuation_requests=0 counted_tokens=0 error_class=not_found operation=comments http_status=404
time=2026-08-14T18:43:53.028Z level=INFO msg="post processing completed" event=post_outcome post_id=1i18x2k source_line=172 status=completed comments=61 bodies_visited=57 expansion_requests=0 continuation_requests=0 counted_tokens=33
time=2026-08-14T18:43:53.028Z level=INFO msg="post processing completed" event=post_outcome post_id=1kw56qk source_line=173 status=completed comments=73 bodies_visited=73 expansion_requests=0 continuation_requests=0 counted_tokens=40
time=2026-08-14T18:43:53.028Z level=INFO msg="post processing completed" event=post_outcome post_id=1jwr0j9 source_line=174 status=completed comments=23 bodies_visited=22 expansion_requests=0 continuation_requests=0 counted_tokens=6
time=2026-08-14T18:43:53.028Z level=INFO msg="post processing completed" event=post_outcome post_id=11hq18h source_line=175 status=completed comments=68 bodies_visited=68 expansion_requests=0 continuation_requests=0 counted_tokens=15
time=2026-08-14T18:43:53.028Z level=INFO msg="post processing completed" event=post_outcome post_id=1kzns0k source_line=176 status=completed comments=22 bodies_visited=22 expansion_requests=0 continuation_requests=0 counted_tokens=8
time=2026-08-14T18:43:53.028Z level=INFO msg="post processing completed" event=post_outcome post_id=18qvzjn source_line=177 status=completed comments=51 bodies_visited=50 expansion_requests=0 continuation_requests=0 counted_tokens=23
time=2026-08-14T18:43:53.028Z level=INFO msg="post processing completed" event=post_outcome post_id=1i79pn9 source_line=178 status=completed comments=41 bodies_visited=41 expansion_requests=0 continuation_requests=0 counted_tokens=23
time=2026-08-14T18:43:53.028Z level=INFO msg="post processing completed" event=post_outcome post_id=1ffb7p5 source_line=179 status=completed comments=17 bodies_visited=17 expansion_requests=0 continuation_requests=0 counted_tokens=1
time=2026-08-14T18:43:53.028Z level=INFO msg="post processing completed" event=post_outcome post_id=1i466h1 source_line=180 status=completed comments=25 bodies_visited=25 expansion_requests=0 continuation_requests=0 counted_tokens=11
time=2026-08-14T18:43:53.028Z level=INFO msg="post processing completed" event=post_outcome post_id=1zzz17x source_line=181 status=skipped comments=0 bodies_visited=0 expansion_requests=0 continuation_requests=0 counted_tokens=0 error_class=not_found operation=comments http_status=404
time=2026-08-14T18:43:53.028Z level=INFO msg="post processing completed" event=post_outcome post_id=1faql8v source_line=182 status=completed comments=61 bodies_visited=60 expansion_requests=0 continuation_requests=0 counted_tokens=19
time=2026-08-14T18:43:53.028Z level=INFO msg="post processing completed" event=post_outcome post_id=1kqe05h source_line=183 status=completed comments=26 bodies_visited=26 expansion_requests=0 continuation_requests=0 counted_tokens=2
time=2026-08-14T18:43:53.028Z level=INFO msg="post processing completed" event=post_outcome post_id=1i2fc3f source_line=184 status=completed comments=34 bodies_visited=34 expansion_requests=0 continuation_requests=0 counted_tokens=9
time=2026-08-14T18:43:53.028Z level=INFO msg="post processing completed" event=post_outcome post_id=1ba3o5a source_line=185 status=completed comments=47 bodies_visited=47 expansion_requests=0 continuation_requests=0 counted_tokens=13
time=2026-08-14T18:43:53.028Z level=INFO msg="post processing completed" event=post_outcome post_id=1h6qi6n source_line=186 status=completed comments=47 bodies_visited=46 expansion_requests=0 continuation_requests=0 counted_tokens=14
time=2026-08-14T18:43:53.028Z level=INFO msg="post processing completed" event=post_outcome post_id=1g64j1k source_line=187 status=completed comments=31 bodies_visited=30 expansion_requests=0 continuation_requests=0 counted_tokens=10
time=2026-08-14T18:43:53.028Z level=INFO msg="post processing completed" event=post_outcome post_id=1kvwkv1 source_line=188 status=completed comments=33 bodies_visited=33 expansion_requests=0 continuation_requests=0 counted_tokens=4
time=2026-08-14T18:43:53.028Z level=INFO msg="post processing completed" event=post_outcome post_id=1klq2h1 source_line=189 status=completed comments=79 bodies_visited=78 expansion_requests=0 continuation_requests=0 counted_tokens=31
time=2026-08-14T18:43:53.028Z level=INFO msg="post processing completed" event=post_outcome post_id=1gticae source_line=190 status=completed comments=28 bodies_visited=28 expansion_requests=0 continuation_requests=0 counted_tokens=3
time=2026-08-14T18:43:53.028Z level=INFO msg="post processing completed" event=post_outcome post_id=1kakt8i source_line=191 status=completed comments=8 bodies_visited=8 expansion_requests=0 continuation_requests=0 counted_tokens=1
time=2026-08-14T18:43:53.028Z level=INFO msg="post processing completed" event=post_outcome post_id=1zzz18x source_line=192 status=skipped comments=0 bodies_visited=0 expansion_requests=0 continuation_requests=0 counted_tokens=0 error_class=not_found operation=comments http_status=404
time=2026-08-14T18:43:53.028Z level=INFO msg="post processing completed" event=post_outcome post_id=1n5eojd source_line=193 status=completed comments=103 bodies_visited=102 expansion_requests=0 continuation_requests=0 counted_tokens=41
time=2026-08-14T18:43:53.028Z level=INFO msg="post processing completed" event=post_outcome post_id=1fsuvii source_line=194 status=completed comments=15 bodies_visited=15 expansion_requests=0 continuation_requests=0 counted_tokens=3
time=2026-08-14T18:43:53.029Z level=INFO msg="post processing completed" event=post_outcome post_id=1bcy7fv source_line=195 status=completed comments=48 bodies_visited=48 expansion_requests=0 continuation_requests=0 counted_tokens=14
time=2026-08-14T18:43:53.029Z level=INFO msg="post processing completed" event=post_outcome post_id=1zzz05x source_line=196 status=skipped comments=0 bodies_visited=0 expansion_requests=0 continuation_requests=0 counted_tokens=0 error_class=not_found operation=comments http_status=404
time=2026-08-14T18:43:53.029Z level=INFO msg="post processing completed" event=post_outcome post_id=1f96gvf source_line=197 status=completed comments=69 bodies_visited=69 expansion_requests=0 continuation_requests=0 counted_tokens=25
time=2026-08-14T18:43:53.029Z level=INFO msg="post processing completed" event=post_outcome post_id=1kumuct source_line=198 status=completed comments=50 bodies_visited=50 expansion_requests=0 continuation_requests=0 counted_tokens=5
time=2026-08-14T18:43:53.029Z level=INFO msg="post processing completed" event=post_outcome post_id=1kqpnvh source_line=199 status=completed comments=50 bodies_visited=49 expansion_requests=0 continuation_requests=0 counted_tokens=38
time=2026-08-14T18:43:53.029Z level=INFO msg="post processing completed" event=post_outcome post_id=1g8n91q source_line=200 status=completed comments=43 bodies_visited=43 expansion_requests=0 continuation_requests=0 counted_tokens=12
time=2026-08-14T18:43:53.029Z level=INFO msg="processing summary" event=run_summary terminal_status=partial partial=true failure_mode=best-effort workers=8 input_profile=assignment-default-v1 filter_count=1 duration=19m19.2093785s posts_total=200 posts_completed=179 posts_skipped=20 posts_failed=0 posts_incomplete=1 comments=8721 bodies_visited=8593 expansion_requests=6 continuation_requests=8 counted_tokens=3782 distinct_words=14 dictionary_words=415699 source_retries=0 reddit_http_attempts=215 reddit_retries=0 throttle_waits=432 throttle_wait=20m44.924104535s posts_sha256=08d769c5d8e63bfadfbf9e9e25b92c246129f13ecc8de329960ee4894d7c45c4 post_ids_sha256=782996efb5c53a7eef2277491c145b79c78b89c14799f1b6f281cc9f410aa22e dictionary_sha256=39a4ead879cc8283de87f2ec58e7b4b340d6caa724db1b52a91dccf2f273c5e7 access_profile=old-reddit-browser-session-json-v1 reddit_origin=old.reddit.com reddit_method=GET reddit_auth=browser-session ua_source=override ua_sha256=dc0402b6bd1e97f986b003f0830c79d8eaba098b7e60f0baa12d03cc50798593 app_version=dev app_commit=unknown app_build_date=unknown go_version=go1.26.6 goos=darwin goarch=arm64
time=2026-08-14T18:43:53.030Z level=INFO msg="result written" event=output_written partial=true result_words=10 result_sha256=1cefe76fa3e943a1e2bba663e4f03ce32191a8c7b5e59dcae78d2c705fd437c1
duckwords: processing completed with a partial result
exit status 3
